border_size=1
usage=map

Xu          , Xu          , Xu          , Xu          , Xu          , Wo          , Wo          , Wo          , Wo          , Wo          , Wo          , Wo          , Ds          , Ds          , Wo          , Ds          , Ds          , Dd          , Dd          , Ds          , Ds          , Hd          , Hd          , Hd          , Ds          , Ds          , Ds          , Ds          , Ds          , Ds          , Wo          , Wo          , Wo          , Wo          , Wo          , Wo          , Wo          , Wo          , Wo          , Wo          , Wo          , Wo          , Wo          , Wo          , Wo          , Wo          , Wo          , Wo          , Wo          , Wo          , Wo          , Wo          
Xu          , Xu          , Xu          , Xu          , Wo          , Wo          , Wo          , Wo          , Wo          , Wo          , Wo          , Ds          , Wo          , Ds          , Ds          , Ds          , Dd          , Ds          , Dd          , Ds          , Ds          , Ds          , Ds          , Ds          , Ds          , Ds          , Ds          , Ds          , Dd^Vda      , Ds          , Wo          , Wo          , Wo          , Wo          , Wo          , Wo          , Wo          , Wo          , Wo          , Wo          , Wo          , Wo          , Wo          , Wo          , Wo          , Wo          , Wo          , Wo          , Wo          , Wo          , Wo          , Wo          
Xu          , Xu          , Wo          , Wo          , Wo          , Wo          , Wo          , Wo          , Wo          , Wo          , Wo          , Wo          , Ds          , Ds          , Dd          , Dd          , Dd          , Dd^Vda      , Dd          , Ds          , Ds          , Ds          , Hd          , Hd          , Ds          , Ds          , Ds          , Ds          , Ds          , Ds          , Ds          , Wo          , Wo          , Wo          , Wo          , Wo          , Wo          , Wo          , Wo          , Wo          , Wo          , Wo          , Wo          , Wo          , Wo          , Wo          , Wo          , Wo          , Wo          , Wo          , Wo          , Wo          
Wo          , Wo          , Wo          , Wo          , Wo          , Wo          , Wo          , Wo          , Wo          , Ds          , Ds          , Ds          , Ds          , Dd          , Ds          , Ds          , Ds          , Dd          , Ds          , Wo          , Wo          , Wo          , Ds          , Ds          , Hd          , Ds          , Ds          , Ds          , Ds          , Ds          , Ds          , Wo          , Wo          , Wo          , Ds          , Wo          , Wo          , Wo          , Wo          , Wo          , Wo          , Wo          , Wo          , Ds          , Wo          , Ds          , Wo          , Wo          , Wo          , Wo          , Wo          , Wo          
Wo          , Wo          , Wo          , Wo          , Wo          , Wo          , Wo          , Wo          , Ds          , Ds          , Ds          , Ds          , Dd          , Ds          , Ds          , Ds          , Ds          , Ds          , Ds          , Wo          , Wo          , Ds          , Ds          , Ds          , Ds          , Ds          , Ds          , Ds          , Ds          , Ds          , Ds          , Wo          , Wo          , Wo          , Ds          , Wo          , Wo          , Wo          , Wo          , Wo          , Wo          , Wo          , Wo          , Ds          , Ds          , Wo          , Ds          , Wo          , Wo          , Wo          , Wo          , Wo          
Wo          , Wo          , Wo          , Wo          , Wo          , Wo          , Wo          , Wo          , Ds          , Dd          , Dd          , Dd          , Dd          , Ds          , Hd          , Hd          , Ds          , Dd          , Dd          , Wo          , Ds          , Ds          , Ds          , Ds          , Ds          , Ds          , Ds          , Ds          , Ds          , Ds          , Ds          , Wo          , Wo          , Wo          , Ds          , Wo          , Wo          , Wo          , Wo          , Wo          , Wo          , Wo          , Ds          , Ds          , Wo          , Ds          , Ds          , Wo          , Wo          , Wo          , Wo          , Wo          
Wo          , Wo          , Wo          , Wo          , Wo          , Wo          , Wo          , Wo          , Ds          , Ds          , Dd          , Dd^Vda      , Ds          , Ds          , Hd          , Hd          , Ds          , Dd          , Dd          , Wo          , Ds          , Ds          , Ds          , Dd          , Ds          , Hd          , Ds          , Ds          , Dd^Vda      , Ds          , Ds          , Wo          , Wo          , Ds          , Ds          , Wo          , Wo          , Wo          , Wo          , Wo          , Wo          , Ds          , Wo          , Ds          , Ds          , Ds          , Ds          , Wo          , Wo          , Wo          , Wo          , Wo          
Wo          , Wo          , Wo          , Wo          , Wo          , Wo          , Wo          , Wo          , Ds          , Ds          , Dd          , Dd          , Dd          , Ds          , Ds          , Ds          , Dd          , Dd          , Ds          , Wo          , Ds          , Ds          , Dd          , Dd^Vda      , Ds          , Ds          , Dd          , Ds          , Ds          , Ds          , Ds          , Wo          , Wo          , Wo          , Wo          , Wo          , Ds          , Ds          , Ds          , Ds          , Wo          , Wo          , Wo          , Ds          , Ds          , Ds          , Ds          , Ds          , Wo          , Wo          , Wo          , Wo          
Wo          , Wo          , Wo          , Wo          , Wo          , Wo          , Wo          , Wo          , Ds          , Ds          , Dd          , Dd^Vda      , Dd          , Ds          , Dd          , Dd          , Dd          , Dd          , Ds          , Wo          , Ds          , Ds          , Ds          , Dd          , Dd          , Hd          , Hd          , Dd          , Dd          , Ds          , Ds          , Wo          , Wo          , Wo          , Wo          , Wo          , Wo          , Wo          , Wo          , Ds          , Wo          , Wo          , Wo          , Ds          , Wo          , Wo          , Wo          , Ds          , Ds          , Wo          , Wo          , Wo          
Wo          , Wo          , Wo          , Wo          , Wo          , Wo          , Wo          , Wo          , Wo          , Ds          , Ds          , Ds          , Ds          , Ds          , Ds          , Ds          , Dd          , Ds          , Ds          , Wo          , Ds          , Ds          , Ds          , Dd          , Dd          , Hd          , Hd          , Hd          , Dd          , Ds          , Ds          , Ds          , Wo          , Wo          , Wo          , Ds          , Wo          , Wo          , Wo          , Wo          , Wo          , Wo          , Wo          , Ds          , Wo          , Wo          , Wo          , Ds          , Wo          , Wo          , Wo          , Wo          
Wo          , Wo          , Wo          , Wo          , Wo          , Wo          , Wo          , Wo          , Wo          , Wo          , Wo          , Wo          , Wo          , Wo          , Wo          , Wo          , Wo          , Wo          , Wo          , Wo          , Wo          , Ds          , Ds          , Dd          , Dd          , Hd          , Hd          , Hd          , Ds          , Ds          , Ds          , Ds          , Wo          , Wo          , Wo          , Ds          , Wo          , Wo          , Wo          , Ds          , Wo          , Wo          , Wo          , Ds          , Wo          , Wo          , Wo          , Wo          , Wo          , Wo          , Wo          , Wo          
Wo          , Wo          , Wo          , Wo          , Wo          , Wo          , Wo          , Wo          , Wo          , Wo          , Wo          , Wo          , Wo          , Wo          , Wo          , Wo          , Wo          , Wo          , Wo          , Wo          , Wo          , Wo          , Wo          , Ds          , Dd^Vda      , Ds          , Hd          , Hd          , Hd          , Ds          , Ds          , Ds          , Wo          , Wo          , Ds          , Wo          , Wo          , Ds          , Ds          , Ds          , Wo          , Wo          , Wo          , Ds          , Wo          , Ds          , Ds          , Wo          , Wo          , Wo          , Wo          , Wo          
Wo          , Wo          , Wo          , Wo          , Wo          , Wo          , Wo          , Wo          , Wo          , Wo          , Wo          , Wo          , Wo          , Wo          , Ds          , Ds          , Wo          , Ds          , Ds          , Wo          , Wo          , Wo          , Wo          , Ds          , Ds          , Ds          , Ds          , Hd          , Ds          , Ds          , Ds          , Ds          , Wo          , Wo          , Wo          , Wo          , Wo          , Wo          , Wo          , Wo          , Wo          , Wo          , Wo          , Wo          , Ds          , Wo          , Ds          , Wo          , Wo          , Wo          , Wo          , Wo          
Wo          , Wo          , Wo          , Wo          , Wo          , Wo          , Wo          , Wo          , Wo          , Wo          , Wo          , Wo          , Wo          , Wo          , Ds          , Wo          , Wo          , Wo          , Wo          , Wo          , Wo          , Wo          , Wo          , Ds          , Ds          , Ds          , Ds          , Uu^Vu       , Ds          , Ds          , Wo          , Ds          , Wo          , Wo          , Wo          , Wo          , Wo          , Wo          , Wo          , Wo          , Wo          , Wo          , Wo          , Wo          , Wo          , Ds          , Wo          , Wo          , Wo          , Wo          , Wo          , Wo          
Wo          , Wo          , Wo          , Wo          , Wo          , Wo          , Wo          , Wo          , Wo          , Wo          , Wo          , Wo          , Wo          , Wo          , Ds          , Wo          , Wo          , Wo          , Wo          , Wo          , Wo          , Wo          , Wo          , Wo          , Ds          , Ds          , Wo          , Ds          , Wo          , Wo          , Wo          , Wo          , Wo          , Wo          , Wo          , Wo          , Wo          , Wo          , Wo          , Wo          , Wo          , Wo          , Wo          , Wo          , Wo          , Wo          , Wo          , Wo          , Ds          , Ds          , Ds          , Ds          
Wo          , Wo          , Wo          , Wo          , Wo          , Wo          , Wo          , Wo          , Wo          , Wo          , Wo          , Wo          , Wo          , Wo          , Wo          , Wo          , Wo          , Wo          , Wo          , Wo          , Wo          , Ds          , Wo          , Wo          , Wo          , Ds          , Wo          , Wo          , Wo          , Wo          , Wo          , Wo          , Wo          , Wo          , Wo          , Wo          , Wo          , Ds          , Ds          , Wo          , Wo          , Wo          , Wo          , Wo          , Wo          , Wo          , Wo          , Ds          , Wo          , Wo          , Wo          , Wo          
Wo          , Wo          , Wo          , Wo          , Wo          , Wo          , Wo          , Wo          , Wo          , Wo          , Wo          , Wo          , Wo          , Wo          , Wo          , Wo          , Wo          , Wo          , Ds          , Ds          , Ds          , Ds          , Wo          , Wo          , Wo          , Wo          , Wo          , Wo          , Wo          , Wo          , Wo          , Wo          , Wo          , Wo          , Wo          , Wo          , Wo          , Wo          , Wo          , Wo          , Ds          , Ds          , Ds          , Wo          , Wo          , Wo          , Wo          , Wo          , Wo          , Wo          , Wo          , Wo          
Wo          , Wo          , Wo          , Wo          , Wo          , Wo          , Wo          , Wo          , Wo          , Wo          , Wo          , Wo          , Wo          , Wo          , Wo          , Wo          , Wo          , Wo          , Wo          , Wo          , Wo          , Wo          , Wo          , Wo          , Wo          , Ds          , Wo          , Wo          , Wo          , Wo          , Wo          , Wo          , Wo          , Wo          , Wo          , Wo          , Wo          , Wo          , Wo          , Wo          , Wo          , Ds          , Ds          , Ds          , Ds          , Ds          , Wo          , Wo          , Wo          , Wo          , Wo          , Wo          
Wo          , Wo          , Wo          , Wo          , Wo          , Wo          , Wo          , Wo          , Wo          , Ds          , Wo          , Wo          , Wo          , Wo          , Wo          , Wo          , Ds          , Wo          , Wo          , Wo          , Wo          , Wo          , Wo          , Wo          , Wo          , Ds          , Wo          , Wo          , Wo          , Wo          , Wo          , Wo          , Wo          , Wo          , Wo          , Wo          , Wo          , Wo          , Wo          , Wo          , Wo          , Wo          , Wo          , Ds          , Wo          , Wo          , Wo          , Wo          , Wo          , Wo          , Wo          , Wo          
Wo          , Wo          , Wo          , Wo          , Wo          , Wo          , Wo          , Wo          , Wo          , Wo          , Wo          , Wo          , Wo          , Wo          , Wo          , Ds          , Ds          , Wo          , Wo          , Wo          , Wo          , Wo          , Wo          , Wo          , Wo          , Ds          , Ds          , Ds          , Ds          , Wo          , Wo          , Wo          , Wo          , Wo          , Wo          , Wo          , Wo          , Wo          , Wo          , Wo          , Wo          , Wo          , Wo          , Wo          , Wo          , Wo          , Wo          , Wo          , Wo          , Wo          , Wo          , Wo          
Wo          , Wo          , Wo          , Wo          , Ds          , Wo          , Wo          , Wo          , Wo          , Wo          , Wo          , Wo          , Wo          , Wo          , Wo          , Wo          , Wo          , Wo          , Wo          , Wo          , Wo          , Wo          , Wo          , Wo          , Wo          , Wo          , Wo          , Wo          , Wo          , Wo          , Wo          , Wo          , Wo          , Wo          , Wo          , Wo          , Wo          , Wo          , Wo          , Wo          , Wo          , Wo          , Wo          , Wo          , Wo          , Wo          , Ds          , Wo          , Wo          , Wo          , Wo          , Wo          
Wo          , Wo          , Wo          , Wo          , Wo          , Wo          , Ds          , Wo          , Ds          , Ds          , Wo          , Wo          , Wo          , Wo          , Wo          , Wo          , Wo          , Wo          , Wo          , Wo          , Wo          , Wo          , Wo          , Wo          , Wo          , Wo          , Wo          , Wo          , Wo          , Ds          , Wo          , Wo          , Wo          , Wo          , Wo          , Wo          , Wo          , Wo          , Wo          , Wo          , Wo          , Wo          , Wo          , Wo          , Wo          , 2 Wo        , Wo          , Wo          , Wo          , Wo          , Wo          , Wo          
Wo          , Wo          , Wo          , Wo          , Wo          , Wo          , Wo          , Ds          , Ds          , Wo          , Wo          , Wo          , Wo          , Wo          , Wo          , Wo          , Wo          , Wo          , Wo          , Wo          , Wo          , Wo          , Wo          , Wo          , Wo          , Wo          , Wo          , Wo          , Wo          , Ds          , Ds          , Wo          , Wo          , Wo          , Wo          , Wo          , Wo          , Wo          , Wo          , Wo          , Wo          , Wo          , Wo          , Wo          , Wo          , Wo          , Wo          , Wo          , Wo          , Wo          , Wo          , Wo          
Wo          , Wo          , 1 Wo        , Wo          , Wo          , Wo          , Wo          , Wo          , Ds          , Wo          , Wo          , Wo          , Wo          , Wo          , Wo          , Wo          , Wo          , Wo          , Wo          , Wo          , Wo          , Ds          , Ds          , Ds          , Wo          , Wo          , Wo          , Wo          , Wo          , Wo          , Ds          , Wo          , Wo          , Wo          , Wo          , Wo          , Wo          , Wo          , Wo          , Wo          , Wo          , Wo          , Wo          , Wo          , Wo          , Wo          , Ds          , Wo          , Wo          , Wo          , Wo          , Wo          
Wo          , Wo          , Wo          , Wo          , Wo          , Wo          , Wo          , Wo          , Ds          , Wo          , Wo          , Wo          , Wo          , Wo          , Wo          , Wo          , Wo          , Wo          , Wo          , Wo          , Wo          , Wo          , Wo          , Ds          , Wo          , Wo          , Ds          , Ds          , Ds          , Ds          , Ds          , Wo          , Wo          , Wo          , Wo          , Wo          , Wo          , Wo          , Wo          , Wo          , Wo          , Wo          , Wo          , Wo          , Wo          , Wo          , Wo          , Wo          , Wo          , Wo          , Wo          , Wo          
Wo          , Wo          , Wo          , Wo          , Wo          , Wo          , Wo          , Wo          , Wo          , Ds          , Wo          , Wo          , Ds          , Wo          , Wo          , Wo          , Wo          , Wo          , Wo          , Wo          , Wo          , Wo          , Wo          , Wo          , Wo          , Wo          , Ds          , Wo          , Wo          , Wo          , Wo          , Wo          , Wo          , Wo          , Wo          , Wo          , Wo          , Wo          , Wo          , Wo          , Wo          , Wo          , Wo          , Wo          , Wo          , Wo          , Wo          , Wo          , Wo          , Wo          , Wo          , Wo          
Wo          , Wo          , Wo          , Wo          , Wo          , Wo          , Wo          , Wo          , Wo          , Wo          , Wo          , Wo          , Wo          , Wo          , Wo          , Wo          , Wo          , Wo          , Wo          , Wo          , Wo          , Wo          , Wo          , Wo          , Wo          , Ds          , Wo          , Wo          , Wo          , Wo          , Wo          , Wo          , Wo          , Wo          , Wo          , Wo          , Wo          , Wo          , Wo          , Wo          , Wo          , Wo          , Wo          , Wo          , Wo          , Wo          , Wo          , Wo          , Wo          , Wo          , Wo          , Wo          
Wo          , Wo          , Wo          , Wo          , Wo          , Wo          , Wo          , Wo          , Wo          , Wo          , Wo          , Wo          , Wo          , Wo          , Wo          , Wo          , Wo          , Wo          , Wo          , Wo          , Wo          , Wo          , Ds          , Wo          , Wo          , Wo          , Wo          , Wo          , Wo          , Wo          , Wo          , Wo          , Wo          , Wo          , Ds          , Ds          , Wo          , Wo          , Wo          , Wo          , Wo          , Wo          , Wo          , Wo          , Wo          , Wo          , Wo          , Wo          , Wo          , Wo          , Wo          , Wo          
Wo          , Wo          , Wo          , Wo          , Wo          , Wo          , Wo          , Wo          , Wo          , Wo          , Wo          , Wo          , Wo          , Wo          , Wo          , Wo          , Wo          , Wo          , Wo          , Wo          , Wo          , Ds          , Wo          , Wo          , Wo          , Wo          , Wo          , Wo          , Wo          , Wo          , Wo          , Wo          , Wo          , Wo          , Wo          , Ds          , Wo          , Wo          , Wo          , Wo          , Wo          , Wo          , Wo          , Wo          , Wo          , Wo          , Wo          , Ds          , Wo          , Wo          , Wo          , Wo          
Ds          , Wo          , Wo          , Wo          , Wo          , Wo          , Wo          , Wo          , Wo          , Wo          , Wo          , Ds          , Wo          , Wo          , Wo          , Wo          , Wo          , Wo          , Wo          , Wo          , Ds          , Wo          , Wo          , Wo          , Wo          , Wo          , Wo          , Wo          , Wo          , Wo          , Wo          , Wo          , Wo          , Wo          , Wo          , Wo          , Wo          , Wo          , Wo          , Wo          , Wo          , Wo          , Wo          , Wo          , Wo          , Wo          , Wo          , Ds          , Wo          , Wo          , Wo          , Wo          
Ds          , Ds          , Wo          , Wo          , Wo          , Wo          , Wo          , Wo          , Wo          , Wo          , Wo          , Ds          , Wo          , Wo          , Wo          , Wo          , Wo          , Wo          , Wo          , Wo          , Wo          , Wo          , Wo          , Wo          , Wo          , Wo          , Wo          , Wo          , Wo          , Wo          , Wo          , Wo          , Wo          , Wo          , Wo          , Wo          , Wo          , Wo          , Wo          , Wo          , Wo          , Wo          , Wo          , Wo          , Wo          , Wo          , Wo          , Ds          , Wo          , Wo          , Wo          , Wo          
Wo          , Wo          , Ds          , Wo          , Wo          , Wo          , Wo          , Wo          , Wo          , Wo          , Wo          , Wo          , Ds          , Wo          , Wo          , Wo          , Wo          , Wo          , Wo          , Wo          , Wo          , Wo          , Wo          , Wo          , Wo          , Wo          , Wo          , Wo          , Wo          , Wo          , Wo          , Wo          , Wo          , Wo          , Wo          , Wo          , Wo          , Wo          , Wo          , Wo          , Wo          , Wo          , Wo          , Wo          , Wo          , Wo          , Wo          , Wo          , Wo          , Wo          , Wo          , Wo          
Wo          , Wo          , Ds          , Ds          , Wo          , Wo          , Wo          , Wo          , Wo          , Wo          , Wo          , Ds          , Wo          , Wo          , Wo          , Wo          , Wo          , Wo          , Wo          , Wo          , Wo          , Wo          , Wo          , Wo          , Wo          , Wo          , Wo          , Wo          , Wo          , Wo          , Wo          , Wo          , Wo          , Wo          , Wo          , Wo          , Wo          , Wo          , Wo          , Ds          , Ds          , Ds          , Ds          , Ds          , Ds          , Ds          , Wo          , Wo          , Wo          , Wo          , Wo          , Wo          
Wo          , Wo          , Wo          , Wo          , Wo          , Ds          , Dd^Vda      , Ds          , Ds          , Ds          , Ds          , Wo          , Wo          , Wo          , Wo          , Wo          , Wo          , Wo          , Wo          , Wo          , Wo          , Wo          , Wo          , Wo          , Wo          , Wo          , Wo          , Wo          , Wo          , Wo          , Wo          , Wo          , Wo          , Wo          , Wo          , Wo          , Wo          , Wo          , Ds          , Wo          , Wo          , Wo          , Wo          , Wo          , Wo          , Wo          , Wo          , Wo          , Wo          , Wo          , Wo          , Wo          
Wo          , Wo          , Wo          , Wo          , Wo          , Wo          , Wo          , Wo          , Wo          , Wo          , Ds          , Wo          , Wo          , Wo          , Wo          , Wo          , Wo          , Wo          , Wo          , Wo          , Wo          , Wo          , Wo          , Wo          , Wo          , Wo          , Wo          , Wo          , Wo          , Wo          , Wo          , Ds          , Ds          , Wo          , Wo          , Wo          , Wo          , Wo          , Wo          , Wo          , Wo          , Wo          , Wo          , Wo          , Wo          , Wo          , Wo          , Wo          , Wo          , Wo          , Wo          , Wo          
Wo          , Wo          , Wo          , Wo          , Wo          , Wo          , Wo          , Wo          , Wo          , Wo          , Ds          , Wo          , Wo          , Wo          , Wo          , Wo          , Wo          , Wo          , Wo          , Wo          , Wo          , Wo          , Wo          , Wo          , Wo          , Wo          , Wo          , Wo          , Wo          , Wo          , Wo          , Wo          , Wo          , Wo          , Wo          , Wo          , Wo          , Wo          , Ds          , Wo          , Wo          , Wo          , Wo          , Wo          , Wo          , Wo          , Wo          , Wo          , Wo          , Wo          , Wo          , Wo          
Wo          , Wo          , Wo          , Wo          , Wo          , Wo          , Wo          , Wo          , Wo          , Wo          , Wo          , Wo          , Wo          , Wo          , Wo          , Wo          , Wo          , Wo          , Wo          , Wo          , Wo          , Wo          , Wo          , Wo          , Wo          , Wo          , Wo          , Wo          , Wo          , Wo          , Wo          , Wo          , Wo          , Wo          , Wo          , Wo          , Wo          , Wo          , Dd^Vda      , Wo          , Wo          , Wo          , Wo          , Wo          , Wo          , Wo          , Wo          , Wo          , Wo          , Wo          , Wo          , Wo          
Wo          , Wo          , Wo          , Wo          , Wo          , Wo          , Wo          , Wo          , Wo          , Wo          , Wo          , Wo          , Wo          , Wo          , Wo          , Wo          , Wo          , Wo          , Wo          , Wo          , 3 Wo        , Wo          , Wo          , Wo          , Wo          , Wo          , Wo          , Wo          , Wo          , Wo          , Wo          , Wo          , Wo          , Wo          , Wo          , Wo          , Wo          , Wo          , Ds          , Wo          , Wo          , Wo          , Wo          , Wo          , Wo          , Wo          , Wo          , Wo          , Wo          , Wo          , Wo          , Wo          
Wo          , Wo          , Wo          , Wo          , Wo          , Wo          , Wo          , Wo          , Wo          , Wo          , Wo          , Wo          , Wo          , Wo          , Wo          , Wo          , Wo          , Wo          , Wo          , Wo          , Wo          , Wo          , Wo          , Wo          , Wo          , Wo          , Wo          , Wo          , Wo          , Wo          , Wo          , Wo          , Wo          , Wo          , Wo          , Wo          , Wo          , Wo          , Ds          , Wo          , Wo          , Wo          , Wo          , Wo          , Wo          , Wo          , Wo          , Wo          , Wo          , Wo          , Wo          , Wo          
Wo          , Wo          , Wo          , Wo          , Wo          , Wo          , Wo          , Wo          , Wo          , Wo          , Wo          , Wo          , Wo          , Wo          , Wo          , Wo          , Wo          , Wo          , Wo          , Wo          , Wo          , Wo          , Wo          , Wo          , Wo          , Wo          , Wo          , Wo          , Ds          , Wo          , Wo          , Wo          , Wo          , Wo          , Wo          , Wo          , Wo          , Wo          , Ds          , Wo          , Wo          , Wo          , Wo          , Wo          , Wo          , Wo          , Wo          , Wo          , Wo          , Wo          , Wo          , Wo          
Wo          , Wo          , Wo          , Wo          , Wo          , Wo          , Wo          , Wo          , Wo          , Ds          , Ds          , Ds          , Wo          , Wo          , Ds          , Wo          , Wo          , Ds          , Wo          , Wo          , Wo          , Wo          , Wo          , Wo          , Wo          , Wo          , Wo          , Wo          , Wo          , Wo          , Wo          , Wo          , Wo          , Wo          , Wo          , Wo          , Wo          , Wo          , Wo          , Ds          , Wo          , Wo          , Wo          , Wo          , Wo          , Wo          , Wo          , Wo          , Wo          , Wo          , Wo          , Wo          
Wo          , Wo          , Wo          , Wo          , Wo          , Wo          , Wo          , Wo          , Wo          , Ds          , Gg          , Ds          , Wo          , Wo          , Wo          , Wo          , Ds          , Ds          , Wo          , Wo          , Wo          , Wo          , Wo          , Wo          , Wo          , Wo          , Wo          , Wo          , Wo          , Ds          , Wo          , Wo          , Wo          , Ds          , Wo          , Wo          , Wo          , Wo          , Wo          , Ds          , Wo          , Wo          , Wo          , Wo          , Wo          , Wo          , Wo          , Wo          , Wo          , Wo          , Wo          , Wo          
