border_size=1
usage=map

Xu          , Xu          , Xu          , Xu          , Xu          , Wo          , Wo          , Wo          , Wo          , Wo          , Wo          , Wo          , Ds          , Ds          , Wo          , Ds          , Ds          , Gs^Ft       , Gs^Ft       , Gg          , Gg          , Ss          , Ss          , Gg          , Ds          , Ss          , Ds          , Ds          , Ds          , Ds          , Ww          , Ww          , Ww          , Ww          , Hh          , Mm          , Mm          , Mm          , Hh          , Ss          , Ss          , Wo          , Wo          , Wo          , Wo          , Wo          , Wo          , Wo          , Wo          , Wo          , Wo          , Wo          
Xu          , Xu          , Xu          , Xu          , Wo          , Wo          , Wo          , Wo          , Wo          , Wo          , Wo          , Ds          , Wo          , Ds          , Ds          , Ds          , Gs^Ft       , Ds          , Gs^Ft       , Gg          , Gg          , Gg          , Gg          , Ds          , Ss          , Ss          , Ss          , Ss          , Ss^Vhs      , Ss          , Ww          , Ww          , Ww          , Ww          , Ss          , Hh          , Mm          , Mm          , Mm          , Hh          , Ss          , Ss          , Wo          , Wo          , Wo          , Wo          , Wo          , Wo          , Wo          , Wo          , Wo          , Wo          
Xu          , Xu          , Wo          , Wo          , Wo          , Wo          , Wo          , Wo          , Wo          , Wo          , Wo          , Wo          , Ds          , Ds          , Gs^Ft       , Gs^Ft       , Gs^Ft       , Gs^Vht      , Gs^Ft       , Ds          , Ds          , Ds          , Ss          , Ss          , Ds          , Ss          , Ss          , Ss          , Ss          , Ss          , Ds          , Ww          , Ww          , Ww          , Ss          , Hh          , Mm          , Mm          , Mm          , Mm          , Hh          , Ss          , Ss          , Wo          , Wo          , Wo          , Wo          , Wo          , Wo          , Wo          , Wo          , Wo          
Wo          , Wo          , Wo          , Wo          , Wo          , Wo          , Wo          , Wo          , Wo          , Ds          , Ds          , Gg          , Gg          , Gs^Ft       , Gg          , Gg          , Gg          , Gs^Ft       , Ds          , Sm          , Sm          , Sm          , Ds          , Ds          , Ss          , Ss          , Ss          , Ss          , Ss          , Ss          , Ss          , Ww          , Ww          , Ww          , Ds          , Hh          , Mm          , Mm          , Mm          , Mm          , Hh          , Rrc^Vhca    , Gs^Ft       , Ds          , Wo          , Ds          , Wo          , Wo          , Wo          , Wo          , Wo          , Wo          
Wo          , Wo          , Wo          , Wo          , Wo          , Wo          , Wo          , Wo          , Ds          , Gg          , Gg          , Gg          , Gs^Ft       , Gg          , Gg          , Gg          , Gg          , Gg          , Ds          , Sm          , Sm          , Ds          , Ss          , Ss          , Ss          , Ss          , Ss          , Ss          , Ss          , Ss          , Ss          , Ww          , Ww          , Ss          , Ds          , Hh          , Hh          , Hh          , Hh          , Hh          , Hh          , Ss          , Ss          , Ds          , Ds          , Wo          , Ds          , Wo          , Wo          , Wo          , Wo          , Wo          
Wo          , Wo          , Wo          , Wo          , Wo          , Wo          , Wo          , Wo          , Ds          , Gs^Ft       , Gs^Ft       , Gs^Ft       , Gs^Ft       , Gg          , Hh          , Hh          , Gg          , Gs^Ft       , Gs^Ft       , Sm          , Ds          , Ss          , Ss          , Ss          , Ss          , Ss          , Ss          , Ss          , Ss          , Ss          , Ss          , Ww          , Ww          , Ss          , Ds          , Ss          , Ss          , Ss          , Ss^Vhs      , Gs^Ft       , Gs^Ft       , Ss          , Ds          , Ds          , Wo          , Ds          , Ds          , Wo          , Wo          , Wo          , Wo          , Wo          
Wo          , Wo          , Wo          , Wo          , Wo          , Wo          , Wo          , Wo          , Ds          , Gg          , Gs^Ft       , Gs^Vht      , Gg          , Gg          , Hh          , Hh          , Gg          , Gs^Ft       , Gg          , Sm          , Ds          , Ss          , Ss          , Gs^Ft       , Ss          , Hh          , Ss          , Ss          , Ss^Vhs      , Ss          , Ds          , Ww          , Ww          , Ds          , Ds          , Rr          , Ss          , Gs^Ft       , Gs^Ft       , Gs^Ft       , Gs^Ft       , Ds          , Ww^Vm       , Ds          , Ds          , Ds          , Ds          , Wo          , Wo          , Wo          , Wo          , Wo          
Wo          , Wo          , Wo          , Wo          , Wo          , Wo          , Wo          , Wo          , Ds          , Gg          , Gs^Ft       , Gs^Ft       , Gs^Ft       , Gg          , Gg          , Gg          , Gs^Ft       , Gs^Ft       , Ds          , Sm          , Ds          , Ss          , Gs^Ft       , Ss^Vhs      , Ss          , Ss          , Gs^Ft       , Ss          , Ss          , Ss          , Ds          , Sm          , Sm          , Sm          , Sm          , Rr          , Ds          , Ds          , Ds          , Ds          , Wo          , Wo          , Wo          , Ds          , Ds          , Ds          , Ds          , Ds          , Wo          , Wo          , Wo          , Wo          
Wo          , Wo          , Wo          , Wo          , Wo          , Wo          , Wo          , Wo          , Ds          , Gg          , Gs^Ft       , Gs^Vht      , Gs^Ft       , Gg          , Gs^Ft       , Gs^Ft       , Gs^Ft       , Gg          , Ds          , Sm          , Ds          , Ss          , Ss          , Gs^Ft       , Gs^Ft       , Hh          , Hh          , Gs^Ft       , Gs^Ft       , Ss          , Ss          , Sm          , Sm          , Sm          , Re          , Rr          , Rr          , Gs^Ft       , Gs^Ft       , Ds          , Wo          , Wo          , Wo          , Ds          , Ss          , Gs^Ft       , Ss^Vm       , Ds          , Ds          , Wo          , Wo          , Wo          
Wo          , Wo          , Wo          , Wo          , Wo          , Wo          , Wo          , Wo          , Wo          , Ds          , Ds          , Ds          , Ds          , Ds          , Ds          , Ds          , Gg          , Ds          , Ds          , Sm          , Ds          , Ss          , Ss          , Gs^Ft       , Gs^Ft       , Hh          , Hh          , Hh          , Gs^Ft       , Ss          , Ss          , Ds          , Re          , Re          , Sm          , Ds          , Rr          , Ss          , Gs^Ft       , Ss^Vhs      , Wo          , Wo          , Wo          , Ds          , Ss          , Ss          , Gs^Ft       , Ds          , Wo          , Wo          , Wo          , Wo          
Wo          , Wo          , Wo          , Wo          , Wo          , Wo          , Wo          , Wo          , Wo          , Wo          , Wo          , Wo          , Wo          , Wo          , Wo          , Wo          , Wo          , Wo          , Wo          , Wo          , Wo          , Ds          , Ss          , Gs^Ft       , Gs^Ft       , Hh          , Hh          , Hh          , Ss          , Ss          , Ss          , Ds          , Re          , Sm          , Sm          , Ds          , Rr          , Ss          , Ss          , Ds          , Wo          , Wo          , Wo          , Ds          , Ss          , Ss          , Ss^Vm       , Wo          , Wo          , Wo          , Wo          , Wo          
Wo          , Wo          , Wo          , Wo          , Wo          , Wo          , Wo          , Wo          , Wo          , Wo          , Wo          , Wo          , Wo          , Wo          , Wo          , Wo          , Wo          , Wo          , Wo          , Wo          , Wo          , Wo          , Wo          , Ss          , Ss^Vm       , Ss          , Hh          , Hh          , Hh          , Ss          , Ss          , Ds          , Sm          , Sm          , Ds          , Ss          , Rr          , Ds          , Ds          , Ds          , Wo          , Wo          , Wo          , Ds          , Wo          , Ds          , Ds          , Wo          , Wo          , Wo          , Wo          , Wo          
Wo          , Wo          , Wo          , Wo          , Wo          , Wo          , Wo          , Wo          , Wo          , Wo          , Wo          , Wo          , Wo          , Wo          , Ds          , Ds          , Wo          , Ds          , Ds          , Wo          , Wo          , Wo          , Wo          , Ds          , Ss          , Ss          , Ss          , Hh          , Ss          , Ss          , Rb          , Rb          , Sm          , Sm          , Ss          , Ss^Vhs      , Rr          , Wo          , Wo          , Wo          , Wo          , Wo          , Wo          , Wo          , Ds          , Wo          , Ds          , Wo          , Wo          , Wo          , Wo          , Wo          
Wo          , Wo          , Wo          , Wo          , Wo          , Wo          , Wo          , Wo          , Wo          , Wo          , Wo          , Wo          , Wo          , Wo          , Ds          , Wo          , Wo          , Wo          , Wo          , Wo          , Wo          , Wo          , Wo          , Ds          , Ss          , Ss          , Ss          , Ss^Vhs      , Rb          , Rb          , Rb          , Ss          , Ss          , Sm          , Wo          , Wo          , Wo          , Wo          , Wo          , Wo          , Wo          , Wo          , Wo          , Wo          , Wo          , Ds          , Wo          , Wo          , Wo          , Wo          , Wo          , Wo          
Wo          , Wo          , Wo          , Wo          , Wo          , Wo          , Wo          , Wo          , Wo          , Wo          , Wo          , Wo          , Wo          , Wo          , Ds          , Wo          , Wo          , Wo          , Wo          , Wo          , Wo          , Wo          , Wo          , Wo          , Ds          , Ds          , Sm          , Rb          , Rb          , Rb          , Ss          , Ss          , Ss          , Sm          , Wo          , Wo          , Wo          , Wo          , Wo          , Wo          , Wo          , Wo          , Wo          , Wo          , Wo          , Wo          , Wo          , Wo          , Ds          , Ds          , Ds          , Ds          
Wo          , Wo          , Wo          , Wo          , Wo          , Wo          , Wo          , Wo          , Wo          , Wo          , Wo          , Wo          , Wo          , Wo          , Wo          , Wo          , Wo          , Wo          , Wo          , Wo          , Wo          , Ds          , Sm          , Sm          , Sm          , Ds          , Ss          , Sm          , Sm          , Ss          , Ss          , Ss          , Ss          , Sm          , Wo          , Wo          , Wo          , Wo          , Wo          , Wo          , Wo          , Wo          , Wo          , Wo          , Wo          , Wo          , Wo          , Ds          , Gg          , Gg          , Gg          , Gs^Ft       
Wo          , Wo          , Wo          , Wo          , Wo          , Ds          , Ds          , Ds          , Ds          , Ds          , Ds          , Wo          , Wo          , Wo          , Wo          , Wo          , Wo          , Wo          , Ds          , Ds          , Ds          , Ds          , Sm          , Sm          , Ss          , Sm          , Rb          , Rb          , Sm          , Sm          , Ss          , Ss          , Ss          , Sm          , Wo          , Wo          , Wo          , Wo          , Wo          , Wo          , Wo          , Wo          , Wo          , Wo          , Wo          , Wo          , Wo          , Gg          , Gg          , Gg          , Gs^Ft       , Gs^Ft       
Ds          , Ds          , Ds          , Ds          , Wo          , Ds          , Wo          , Wo          , Wo          , Wo          , Wo          , Wo          , Wo          , Wo          , Wo          , Wo          , Wo          , Wo          , Sm          , Sm          , Sm          , Sm          , Ss          , Ss          , Re^Vct      , Ss          , Rb          , Rb          , Ss          , Sm          , Ss          , Ss          , Sm          , Sm          , Wo          , Wo          , Wo          , Wo          , Wo          , Wo          , Wo          , Wo          , Wo          , Wo          , Wo          , Wo          , Wo          , Wo          , Wo          , Gg          , Wo          , Gs^Ft       
Wo          , Wo          , Wo          , Ds          , Wo          , Ds          , Wo          , Wo          , Wo          , Ds          , Wo          , Wo          , Wo          , Wo          , Wo          , Wo          , Ds          , Sm          , Sm          , Sm          , Ss          , Ss          , Ss          , Ss          , Rb          , Rb          , Ss          , Ss          , Ss          , Sm          , Sm          , Sm          , Wo          , Wo          , Wo          , Wo          , Wo          , Wo          , Wo          , Wo          , Wo          , Wo          , Wo          , Wo          , Wo          , Wo          , Wo          , Wo          , Wo          , Wo          , Wo          , Wo          
Wo          , Wo          , Wo          , Ds          , Wo          , Ds          , Wo          , Wo          , Wo          , Wo          , Wo          , Wo          , Wo          , Wo          , Wo          , Ds          , Ds          , Sm          , Ss          , Ss          , Ss          , Ss          , Ss          , Re^Vct      , Rb          , Rb          , Ss          , Ss          , Ss          , Ss          , Sm          , Wo          , Wo          , Wo          , Wo          , Wo          , Wo          , Wo          , Wo          , Wo          , Wo          , Wo          , Wo          , Wo          , Wo          , Wo          , Wo          , Wo          , Wo          , Wo          , Wo          , Wo          
Wo          , Wo          , Wo          , Wo          , Ds          , Wo          , Wo          , Wo          , Wo          , Wo          , Wo          , Wo          , Wo          , Wo          , Wo          , Wo          , Wo          , Sm          , Sm          , Ss          , Ss          , Ss          , Ss          , Rb          , Rb          , Rb          , Gs^Vl       , Ss          , Ss          , Ss          , Sm          , Wo          , Wo          , Wo          , Wo          , Wo          , Wo          , Wo          , Wo          , Wo          , Wo          , Wo          , Wo          , Wo          , Wo          , Wo          , Wo          , Wo          , Wo          , Wo          , Wo          , Wo          
Wo          , Wo          , Wo          , Wo          , Wo          , Wo          , Ds          , Wo          , Ds          , Ds          , Wo          , Wo          , Wo          , Wo          , Wo          , Wo          , Wo          , Wo          , Wo          , Sm          , Sm          , Ss          , Ss          , Rb          , Rb          , Ss          , Ss          , Ss          , Ss          , Ss          , Sm          , Wo          , Wo          , Wo          , Wo          , Wo          , Wo          , Wo          , Wo          , Wo          , Wo          , Wo          , Wo          , Wo          , Wo          , 2 Wo        , Wo          , Wo          , Wo          , Wo          , Wo          , Wo          
Wo          , Wo          , Wo          , Wo          , Wo          , Wo          , Wo          , Ds          , Ds          , Wo          , Wo          , Wo          , Wo          , Wo          , Wo          , Wo          , Wo          , Wo          , Wo          , Wo          , Wo          , Sm          , Rb          , Rb          , Sm          , Ss          , Sm          , Ss          , Sm          , Ss          , Sm          , Wo          , Wo          , Wo          , Wo          , Wo          , Wo          , Wo          , Wo          , Wo          , Wo          , Wo          , Wo          , Wo          , Wo          , Wo          , Wo          , Wo          , Wo          , Wo          , Wo          , Wo          
Wo          , Wo          , 1 Wo        , Wo          , Wo          , Wo          , Wo          , Wo          , Ds          , Wo          , Wo          , Wo          , Wo          , Wo          , Wo          , Wo          , Wo          , Wo          , Wo          , Wo          , Wo          , Ds          , Ds          , Ds          , Wo          , Sm          , Wo          , Sm          , Wo          , Sm          , Wo          , Wo          , Wo          , Wo          , Wo          , Wo          , Wo          , Wo          , Wo          , Wo          , Wo          , Wo          , Wo          , Wo          , Wo          , Wo          , Wo          , Wo          , Wo          , Wo          , Wo          , Wo          
Wo          , Wo          , Wo          , Wo          , Wo          , Wo          , Wo          , Wo          , Ds          , Wo          , Wo          , Wo          , Wo          , Wo          , Wo          , Wo          , Wo          , Wo          , Wo          , Wo          , Wo          , Wo          , Wo          , Ds          , Wo          , Wo          , Wo          , Wo          , Wo          , Wo          , Wo          , Wo          , Wo          , Wo          , Wo          , Wo          , Wo          , Wo          , Wo          , Wo          , Wo          , Wo          , Wo          , Wo          , Wo          , Wo          , Wo          , Wo          , Wo          , Wo          , Wo          , Wo          
Wo          , Wo          , Wo          , Wo          , Wo          , Wo          , Wo          , Wo          , Wo          , Ds          , Wo          , Wo          , Ds          , Wo          , Wo          , Wo          , Wo          , Wo          , Wo          , Wo          , Wo          , Wo          , Wwr         , Wwr         , Wo          , Wo          , Wo          , Wo          , Wo          , Wo          , Wo          , Wo          , Wo          , Wo          , Wo          , Wo          , Wo          , Wo          , Wo          , Wo          , Wo          , Wo          , Wo          , Wo          , Wo          , Wo          , Wo          , Wo          , Wo          , Wo          , Wo          , Wo          
Wo          , Wo          , Wo          , Wo          , Wo          , Wo          , Wo          , Wo          , Wo          , Wo          , Wo          , Wo          , Wo          , Wo          , Wo          , Wo          , Wo          , Wo          , Wo          , Wo          , Wo          , Wo          , Wwr         , Wwr         , Wo          , Wo          , Wo          , Wo          , Wo          , Wo          , Wo          , Wo          , Wo          , Wo          , Wo          , Wo          , Wo          , Wo          , Wo          , Wo          , Wo          , Wo          , Wo          , Wo          , Wo          , Wo          , Wo          , Wo          , Wo          , Wo          , Wo          , Wo          
Wo          , Wo          , Wo          , Wo          , Wo          , Wo          , Wo          , Wo          , Wo          , Wo          , Wo          , Wo          , Wo          , Wo          , Wo          , Wo          , Wo          , Wo          , Wo          , Wo          , Wwr         , Wwr         , Ds          , Wo          , Wo          , Wo          , Wo          , Wo          , Wo          , Wo          , Wo          , Wo          , Wo          , Wo          , Ds          , Ds          , Wo          , Wo          , Wo          , Wo          , Wo          , Wo          , Wo          , Wo          , Wo          , Wo          , Wo          , Wo          , Wo          , Wo          , Wo          , Wo          
Wo          , Wo          , Gg^Vh       , Ds          , Ds          , Wo          , Wo          , Wo          , Wo          , Wo          , Wo          , Wo          , Wo          , Wo          , Wo          , Wo          , Wo          , Wo          , Ww^Vm       , Wwr         , Wo          , Ds          , Wo          , Wo          , Wo          , Wo          , Wo          , Wo          , Wo          , Wo          , Wo          , Wo          , Wo          , Wo          , Wo          , Ds          , Wo          , Wo          , Wo          , Wo          , Wo          , Wo          , Wo          , Wo          , Wo          , Wo          , Wo          , Ds          , Wo          , Wo          , Wo          , Wo          
Ds          , Ds          , Ds          , Re          , Re          , Ds          , Ds          , Wo          , Wo          , Wo          , Wo          , Ds          , Wo          , Wo          , Wo          , Wo          , Wwr         , Wwr         , Wwr         , Wwr         , Ds          , Wo          , Wo          , Wo          , Wo          , Wo          , Wo          , Wo          , Wo          , Wo          , Wo          , Wo          , Wo          , Wo          , Wo          , Wo          , Wo          , Wo          , Wo          , Wo          , Wo          , Wo          , Wo          , Wo          , Wo          , Wo          , Wo          , Ds          , Wo          , Wo          , Wo          , Wo          
Ds          , Ds          , Re          , Re          , Re          , Re          , Re          , Ds          , Ds          , Wo          , Wo          , Ds          , Wo          , Wo          , Wwr         , Wwr         , Wo          , Wwr         , Wo          , Wo          , Wo          , Wo          , Wo          , Wo          , Wo          , Wo          , Wo          , Wo          , Wo          , Wo          , Wo          , Wo          , Wo          , Wo          , Wo          , Wo          , Wo          , Wo          , Wo          , Wo          , Wo          , Wo          , Wo          , Gs^Fp       , Wo          , Wo          , Wo          , Ds          , Wo          , Wo          , Wo          , Wo          
Wo          , Ds          , Ds          , Re          , Re          , Hhd         , Re          , Re          , Gg^Vh       , Wo          , Wo          , Wo          , Ds          , Wwr         , Wo          , Wo          , Wo          , Wo          , Wo          , Wo          , Wo          , Wo          , Wo          , Wo          , Wo          , Wo          , Wo          , Wo          , Wo          , Wo          , Wo          , Wo          , Wo          , Wo          , Wo          , Wo          , Wo          , Wo          , Wo          , Wo          , Wo          , Wo          , Wo          , Wo          , Wo          , Wo          , Wo          , Wo          , Wo          , Wo          , Wo          , Wo          
Wo          , Ds          , Ds          , Ds          , Re          , Re          , Re          , Re          , Ds          , Ds          , Ds          , Ds          , Wo          , Wo          , Wo          , Wo          , Wo          , Wo          , Gs^Fp       , Wo          , Wo          , Wo          , Wo          , Wo          , Wo          , Wo          , Wo          , Wo          , Wo          , Wo          , Wo          , Wo          , Wo          , Wo          , Wo          , Wo          , Wo          , Wo          , Wo          , Ds          , Ds          , Ds          , Ds          , Ds          , Ds          , Ds          , Wo          , Wo          , Wo          , Wo          , Wo          , Wo          
Wo          , Wo          , Wo          , Ds          , Ds          , Ds          , Dd^Vda      , Ds          , Ds          , Ds          , Ds          , Wo          , Wo          , Wo          , Wo          , Wo          , Wo          , Wo          , Wo          , Wo          , Wo          , Wo          , Wo          , Wo          , Wo          , Wo          , Wo          , Wo          , Wo          , Wo          , Wo          , Wo          , Wo          , Wo          , Wo          , Wo          , Wo          , Wo          , Ds          , Wo          , Wo          , Wo          , Wo          , Wo          , Wo          , Wo          , Wo          , Wo          , Wo          , Wo          , Wo          , Wo          
Wo          , Wo          , Wo          , Wo          , Wo          , Ds          , Wo          , Wo          , Wo          , Wo          , Ds          , Wo          , Wo          , Wo          , Wo          , Wo          , Wo          , Wo          , Wo          , Wo          , Wo          , Wo          , Wo          , Wo          , Wo          , Wo          , Wo          , Wo          , Wo          , Wo          , Wo          , Ds          , Ds          , Wo          , Wo          , Wo          , Wo          , Wo          , Wo          , Wo          , Wo          , Wo          , Wo          , Wo          , Wo          , Wo          , Wo          , Wo          , Wo          , Wo          , Wo          , Wo          
Wo          , Wo          , Wo          , Wo          , Wo          , Wo          , Wo          , Wo          , Wo          , Wo          , Ds          , Wo          , Wo          , Wo          , Wo          , Wo          , Wo          , Wo          , Wo          , Wo          , Wo          , Wo          , Wo          , Wo          , Wo          , Wo          , Wo          , Wo          , Wo          , Wo          , Wo          , Wo          , Wo          , Wo          , Ds          , Wo          , Wo          , Wo          , Ds          , Wo          , Wo          , Wo          , Wo          , Wo          , Wo          , Wo          , Wo          , Wo          , Wo          , Wo          , Wo          , Wo          
Wo          , Wo          , Wo          , Wo          , Wo          , Wo          , Wo          , Wo          , Wo          , Wo          , Wo          , Wo          , Wo          , Wo          , Wo          , Wo          , Wo          , Wo          , Wo          , Wo          , Wo          , Wo          , Wo          , Wo          , Wo          , Wo          , Wo          , Wo          , Wo          , Wo          , Wo          , Wo          , Wo          , Wo          , Ds          , Wo          , Wo          , Wo          , Wo          , Wo          , Wo          , Wo          , Wo          , Wo          , Wo          , Wo          , Wo          , Wo          , Wo          , Wo          , Wo          , Wo          
Wo          , Wo          , Wo          , Wo          , Wo          , Wo          , Wo          , Wo          , Wo          , Wo          , Wo          , Wo          , Wo          , Wo          , Wo          , Wo          , Wo          , Wo          , Wo          , Wo          , 3 Wo        , Wo          , Wo          , Wo          , Wo          , Wo          , Wo          , Wo          , Wo          , Wo          , Wo          , Wo          , Wo          , Ds          , Ds          , Wo          , Wo          , Wo          , Ds          , Wo          , Wo          , Wo          , Wo          , Wo          , Wo          , Wo          , Wo          , Wo          , Wo          , Wo          , Wo          , Wo          
Wo          , Wo          , Wo          , Wo          , Wo          , Wo          , Wo          , Wo          , Wo          , Wo          , Wo          , Wo          , Gg^Vh       , Wo          , Wo          , Wo          , Wo          , Wo          , Wo          , Wo          , Wo          , Wo          , Wo          , Wo          , Wo          , Wo          , Wo          , Wo          , Wo          , Wo          , Wo          , Wo          , Wo          , Wo          , Ds          , Wo          , Wo          , Wo          , Ds          , Wo          , Wo          , Wo          , Wo          , Wo          , Wo          , Wo          , Wo          , Wo          , Wo          , Wo          , Wo          , Wo          
Wo          , Wo          , Wo          , Wo          , Wo          , Wo          , Wo          , Wo          , Wo          , Wo          , Wo          , Wo          , Wo          , Wo          , Wo          , Wo          , Wo          , Wo          , Wo          , Wo          , Wo          , Wo          , Wo          , Wo          , Wo          , Wo          , Wo          , Wo          , Ds          , Wo          , Wo          , Wo          , Wo          , Wo          , Wo          , Wo          , Wo          , Wo          , Ds          , Wo          , Wo          , Wo          , Wo          , Wo          , Wo          , Wo          , Wo          , Wo          , Wo          , Wo          , Wo          , Wo          
Wo          , Wo          , Wo          , Wo          , Wo          , Wo          , Wo          , Wo          , Wo          , Ds          , Ds          , Ds          , Wo          , Wo          , Ds          , Wo          , Wo          , Ds          , Wo          , Wo          , Wo          , Wo          , Wo          , Wo          , Wo          , Wo          , Wo          , Wo          , Wo          , Wo          , Wo          , Wo          , Wo          , Wo          , Wo          , Wo          , Wo          , Wo          , Wo          , Ds          , Wo          , Wo          , Wo          , Wo          , Wo          , Wo          , Wo          , Wo          , Wo          , Wo          , Wo          , Wo          
Wo          , Wo          , Wo          , Wo          , Wo          , Wo          , Wo          , Wo          , Wo          , Ds          , Gg          , Ds          , Wo          , Wo          , Wo          , Wo          , Ds          , Ds          , Wo          , Wo          , Wo          , Wo          , Wo          , Wo          , Wo          , Wo          , Wo          , Wo          , Wo          , Ds          , Wo          , Wo          , Wo          , Ds          , Wo          , Wo          , Wo          , Wo          , Wo          , Ds          , Wo          , Wo          , Wo          , Wo          , Wo          , Wo          , Wo          , Wo          , Wo          , Wo          , Wo          , Wo          
