border_size=1
usage=map

Xu          , Xu          , Xu          , Wo          , Wo          , Wo          , Wo          , Wo          , Wo          , Wo          , Wo          , Wo          , Wo          , Wo          , Wo          , Wo          , Wo          , Gs^Fp       , Gs^Fp       , Gg          , Gg          , Aa          , Aa          , Gg          , Ds          , Gg          , Ds          , Ds          , Ds          , Ds          , Wo          , Wo          , Wo          , Wo          , Hh          , Mm          , Mm          , Mm          , Hh          , Gg          , Gg          , Wo          , Wo          , Wo          , Wo          , Wo          , Wo          , Wo          , Wo          , Wo          , Wo          , Wo          
Xu          , Xu          , Xu          , Xu          , Wo          , Wo          , Wo          , Wo          , Wo          , Wo          , Wo          , Wo          , Wo          , Wo          , Wo          , Wo          , Wo          , Wo          , Gs^Fp       , Gg          , Gg          , Gg          , Gg          , Ds          , Gg          , Gg          , Gg          , Gg          , Gg^Vh       , Gg          , Wo          , Wo          , Wo          , Wo          , Gg          , Hh          , Mm          , Mm          , Mm          , Hh          , Gg          , Gg          , Wo          , Wo          , Wo          , Wo          , Wo          , Wo          , Wo          , Wo          , Wo          , Wo          
Wo          , Xu          , Wo          , Wo          , Wo          , Wo          , Wo          , Wo          , Wo          , Wo          , Wo          , Wo          , Wo          , Wo          , Wo          , Wo          , Wo          , Wo          , Wo          , Ds          , Ds          , Ds          , Aa          , Aa          , Ds          , Gg          , Gg          , Gg          , Gg          , Gg          , Ds          , Wo          , Wo          , Wo          , Gg          , Hh          , Mm          , Mm          , Mm          , Mm          , Hh          , Gg          , Gg          , Wo          , Wo          , Wo          , Wo          , Wo          , Wo          , Wo          , Wo          , Wo          
Wo          , Wo          , Wo          , Wo          , Wo          , Wo          , Wo          , Wo          , Wo          , Ds          , Ds          , Wo          , Wo          , Wo          , Wo          , Wo          , Wo          , Wo          , Wo          , Wo          , Wo          , Wo          , Ds          , Ds          , Aa          , Gg          , Gg          , Gg          , Gg          , Gg          , Gg          , Wo          , Wo          , Wo          , Ds          , Hh          , Mm          , Mm          , Mm          , Mm          , Hh          , Gg^Ve       , Gs^Fp       , Ds          , Wo          , Ds          , Wo          , Wo          , Wo          , Wo          , Wo          , Wo          
Wo          , Wo          , Wo          , Wo          , Wo          , Wo          , Wo          , Wo          , Ds          , Gg          , Gg          , Gg          , Gs^Fp       , Wo          , Gg          , Wo          , Ds          , Wo          , Wo          , Wo          , Wo          , Ds          , Gg          , Gg          , Gg          , Gg          , Gg          , Gg          , Gg          , Gg          , Gg          , Wo          , Wo          , Gg          , Ds          , Hh          , Hh          , Hh          , Hh          , Hh          , Hh          , Gg          , Gg          , Ds          , Ds          , Wo          , Ds          , Wo          , Wo          , Wo          , Wo          , Wo          
Wo          , Wo          , Wo          , Wo          , Wo          , Wo          , Wo          , Wo          , Ds          , Gs^Fp       , Gs^Fp       , Gs^Fp       , Gs^Fp       , Gg          , Hh          , Hh          , Gg          , Ds          , Wo          , Wo          , Ds          , Gg          , Gg          , Gg          , Gg          , Gg          , Gg          , Gg          , Gg          , Gg          , Gg          , Wo          , Wo          , Gg          , Ds          , Gg          , Gg          , Gg          , Gg^Ve       , Gs^Fp       , Gs^Fp       , Gg          , Ds          , Ds          , Wo          , Ds          , Ds          , Wo          , Wo          , Wo          , Wo          , Wo          
Wo          , Wo          , Wo          , Wo          , Wo          , Wo          , Wo          , Wo          , Ds          , Gg          , Gs^Fp       , Gg^Ve       , Gg          , Gg          , Hh          , Hh          , Gg          , Ds          , Wo          , Wo          , Ds          , Gg          , Gg          , Gs^Fp       , Gg          , Hh          , Gg          , Gg          , Gg^Vh       , Gg          , Ds          , Wo          , Wo          , Ds          , Ds          , Rr          , Gg          , Gs^Fp       , Gs^Fp       , Gs^Fp       , Gs^Fp       , Ds          , Wo          , Ds          , Ds          , Ds          , Ds          , Wo          , Wo          , Wo          , Wo          , Wo          
Wo          , Wo          , Wo          , Wo          , Wo          , Wo          , Ds          , Ds          , Gs          , Gg          , Gs^Fp       , Gs^Fp       , Gs^Fp       , Gg          , Gg          , Gg          , Gs^Fp       , Ds          , Wo          , Wo          , Ds          , Gg          , Gs^Fp       , Gg^Ve       , Gg          , Gg          , Gs^Fp       , Gg          , Gg          , Gg          , Ds          , Wo          , Wo          , Wo          , Wo          , Rr          , Ds          , Ds          , Ds          , Ds          , Wo          , Wo          , Wo          , Ds          , Ds          , Ds          , Ds          , Ds          , Wo          , Wo          , Wo          , Wo          
Wo          , Wo          , Wo          , Wo          , Ds          , Ds          , Gg          , Gs          , Gg          , Gg          , Gs^Fp       , Dd^Vda      , Gs^Fp       , Gg          , Gs^Fp       , Gs^Fp       , Gs^Fp       , Ds          , Wo          , Wo          , Ds          , Gg          , Gg          , Gs^Fp       , Gs^Fp       , Hh          , Hh          , Gs^Fp       , Gs^Fp       , Gg          , Gg          , Wo          , Wo          , Wo          , Wo          , Rr          , Rr          , Gs^Fp       , Gs^Fp       , Ds          , Wo          , Wo          , Wo          , Ds          , Gg          , Gs^Fp       , Gg^Ve       , Ds          , Ds          , Wo          , Wo          , Wo          
Wo          , Wo          , Wo          , Ds          , Ds          , Gs          , Gg          , Gg          , Gg          , Ds          , Gg          , Gs          , Ds          , Ds          , Ds          , Ds          , Gg          , Wo          , Wo          , Wo          , Ds          , Gg          , Gg          , Gs^Fp       , Gs^Fp       , Hh          , Hh          , Hh          , Gs^Fp       , Gg          , Gg          , Ds          , Wo          , Wo          , Wo          , Ds          , Rr          , Gg          , Gs^Fp       , Gg^Ve       , Wo          , Wo          , Wo          , Ds          , Gg          , Gg          , Gs^Fp       , Ds          , Wo          , Wo          , Wo          , Wo          
Wo          , Wo          , Wo          , Ds          , Gg          , Gg          , Gg          , Gg          , Gs          , Gs          , Gg          , Gs          , Wo          , Wo          , Wo          , Wo          , Wo          , Wo          , Wo          , Wo          , Wo          , Ds          , Gg          , Gs^Fp       , Gs^Fp       , Hh          , Hh          , Hh          , Gg          , Gg          , Gg          , Ds          , Wo          , Wo          , Wo          , Ds          , Rr          , Gg          , Gg          , Ds          , Wo          , Wo          , Wo          , Ds          , Gg          , Gg          , Gg^Vh       , Wo          , Wo          , Wo          , Wo          , Wo          
Wo          , Wo          , Wo          , Gs^Fp       , Gg          , Gg          , Gd^Vo       , Gs          , Gg          , Gg          , Gg          , Ds          , Wo          , Wo          , Wo          , Wo          , Wo          , Wo          , Wo          , Wo          , Wo          , Wo          , Wo          , Gg          , Gg^Vh       , Gg          , Hh          , Hh          , Hh          , Gg          , Gg          , Ds          , Wo          , Wo          , Ds          , Gg          , Rr          , Ds          , Ds          , Ds          , Wo          , Wo          , Wo          , Ds          , Wo          , Ds          , Ds          , Wo          , Wo          , Wo          , Wo          , Wo          
Wo          , Wo          , Wo          , Gs^Fp       , Gg          , Gg          , Gg          , Gg          , Gg          , Gg          , Wo          , Wo          , Wo          , Wo          , Ds          , Ds          , Gs          , Ds          , Ds          , Wo          , Wo          , Wo          , Wo          , Ds          , Gg          , Gg          , Gg          , Hh          , Gg          , Gg          , Gg          , Gg          , Wo          , Wo          , Gg          , Gg^Vh       , Rr          , Wo          , Wo          , Wo          , Wo          , Wo          , Wo          , Wo          , Ds          , Wo          , Ds          , Wo          , Wo          , Wo          , Wo          , Wo          
Wo          , Wo          , Wo          , Gs^Fp       , Hh          , Hh          , Gs^Fp       , Gs^Fp       , Gg          , Wo          , Wo          , Wo          , Wo          , Wo          , Ds          , Gg          , Gs          , Gs          , Gg          , Gg          , Aa          , Wo          , Wo          , Ds          , Gg          , Gg          , Gg          , Gg^Ve       , Gg          , Gg          , Wo          , Gg          , Wo          , Wo          , Wo          , Wo          , Wo          , Wo          , Wo          , Wo          , Wo          , Wo          , Wo          , Wo          , Wo          , Ds          , Wo          , Wo          , Wo          , Wo          , Wo          , Wo          
Wo          , Wo          , Wo          , Gs^Fp       , Gs^Fp       , Gs^Fp       , Gg^Ve       , Gs^Fp       , Gg          , Wo          , Wo          , Wo          , Wo          , Wo          , Ds          , Gs          , Gs          , Gs          , Gg^Vh       , Gg          , Aa          , Wo          , Wo          , Wo          , Ds          , Ds          , Wo          , Gg          , Wo          , Wo          , Wo          , Wo          , Wo          , Wo          , Gs^Fp       , Wo          , Wo          , Wo          , Wo          , Wo          , Wo          , Wo          , Wo          , Wo          , Wo          , Wo          , Wo          , Wo          , Ds          , Ds          , Ds          , Ds          
Wo          , Wo          , Wo          , Gs^Fp       , Gs^Fp       , Gg          , Gs^Fp       , Gs^Fp       , Gg          , Gg          , Wo          , Wo          , Wo          , Wo          , Gs          , Gs          , Gs          , Gs          , Gg          , Gg          , Aa          , Ds          , Wo          , Wo          , Wo          , Ds          , Wo          , Wo          , Wo          , Wo          , Wo          , Wo          , Gg          , Gg          , Gs^Fp       , Rr          , Gs^Fp       , Ds          , Ds          , Wo          , Wo          , Wo          , Wo          , Wo          , Wo          , Wo          , Wo          , Ds          , Gg          , Gg          , Gg          , Gs^Fp       
Wo          , Wo          , Wo          , Wo          , Wo          , Ds          , Ds          , Ds          , Ds          , Ds          , Ds          , Wo          , Wo          , Wo          , Gs          , Gs          , Gs          , Gg          , Ds          , Ds          , Ds          , Ds          , Wo          , Wo          , Wo          , Wo          , Gg          , Gg          , Gg          , Gg          , Gg          , Gg          , Gg          , Gs^Fp       , Gg^Ve       , Rr          , Rr          , Gs^Fp       , Gs^Fp       , Gg^Vh       , Ds          , Ds          , Ds          , Wo          , Wo          , Wo          , Rr          , Gg          , Gg          , Gg          , Gs^Fp       , Gs^Fp       
Ds          , Ds          , Ds          , Ds          , Wo          , Ds          , Gg          , Gg          , Gg          , Gg          , Wo          , Wo          , Wo          , Wo          , Aa          , Gs          , Gs          , Gs          , Wo          , Wo          , Wo          , Wo          , Wo          , Wo          , Wo          , Ds          , Gg          , Gg          , Gg^Vh       , Gg          , Gg          , Gg          , Gg          , Gs^Fp       , Gs^Fp       , Gs^Fp       , Rr          , Gs^Fp       , Gs^Fp       , Gg          , Gg          , Ds          , Ds          , Ds          , Ds          , Ds          , Rr          , Rr          , Rr          , Gg          , Rr          , Gs^Fp       
Gg          , Gg          , Gg          , Ds          , Wo          , Ds          , Gg          , Gg          , Gg          , Ds          , Wo          , Wo          , Wo          , Wo          , Aa          , Gg^Vh       , Ds          , Wo          , Wo          , Wo          , Wo          , Wo          , Wo          , Wo          , Wo          , Ds          , Gg^Vh       , Gg          , Gg          , Gg          , Gg          , Gg          , Gg          , Gg          , Gs^Fp       , Gs^Fp       , Gs^Fp       , Rr          , Rr          , Rr          , Rr          , Gg          , Gg          , Ds          , Rr          , Rr          , Aa          , Gg          , Aa          , Rr          , Hh          , Rr          
Gg          , Gg^Vh       , Gg          , Ds          , Wo          , Ds          , Gg          , Gs^Fp       , Gg^Vh       , Gg          , Wo          , Wo          , Wo          , Wo          , Aa          , Ds          , Ds          , Wo          , Wo          , Wo          , Wo          , Wo          , Wo          , Wo          , Wo          , Ds          , Ds          , Ds          , Ds          , Gg          , Gg          , Gg          , Gg          , Gg          , Hh          , Hh          , Hh          , Hh          , Hh          , Hh          , Hh          , Rr          , Rr          , Rr          , Gg          , Gg          , Ce          , Aa          , Aa          , Hh          , Hh          , Rr          
Gg          , Gg          , Gg          , Gg          , Ds          , Gg          , Gg          , Gg^Ve       , Gs^Fp       , Gg          , Wo          , Wo          , Wo          , Wo          , Wo          , Wo          , Wo          , Wo          , Wo          , Wo          , Wo          , Wo          , Wo          , Wo          , Wo          , Wo          , Wo          , Wo          , Wo          , Aa          , Aa          , Gg          , Gg          , Gg          , Hh          , Hh          , Hh          , Hh          , Hh          , Mm          , Hh          , Gg          , Gs^Fp       , Gs^Fp       , Ce          , Ce          , Ds          , Gg          , Gg          , Hh          , Hh          , Gg          
Gg          , Gg          , Gg          , Gg          , Gg          , Gg          , Ds          , Gs^Fp       , Ds          , Ds          , Wo          , Wo          , Wo          , Wo          , Wo          , Wo          , Wo          , Wo          , Wo          , Wo          , Wo          , Wo          , Wo          , Wo          , Wo          , Wo          , Wo          , Wo          , Wo          , Ds          , Aa          , Gg          , Gg          , Gg          , Hh          , Hh          , Mm          , Mm          , Mm          , Mm          , Hh          , Gs^Fp       , Gs^Fp       , Gs^Fp       , Ce          , 2 Ke        , Ce          , Gg          , Gg^Vh       , Hh          , Hh          , Hh          
Gg          , Gg          , Gg          , Gg          , Gg          , Gg          , Gs^Fp       , Ds          , Ds          , Wo          , Wo          , Wo          , Wo          , Wo          , Wo          , Wo          , Wo          , Wo          , Wo          , Wo          , Wo          , Wo          , Wo          , Wo          , Wo          , Wo          , Wo          , Wo          , Wo          , Ds          , Ds          , Gg          , Gg          , Gg^Vh       , Gg          , Hh          , Mm          , Mm          , Mm          , Mm          , Hh          , Gg          , Gs^Fp       , Gs^Fp       , Gs^Fp       , Ce          , Gg          , Gg          , Hh          , Hh          , Ha          , Ha          
Gg          , Rr          , 1 Rr        , Gg          , Gg          , Gg^Esz      , Gs^Fp       , Ss          , Ds          , Wo          , Wo          , Wo          , Wo          , Wo          , Wo          , Wo          , Ds          , Ds          , Ds          , Gs^Fp       , Gs^Fp       , Ds          , Ds          , Ds          , Wo          , Wo          , Wo          , Wo          , Wo          , Wo          , Ds          , Aa          , Aa          , Gg          , Gg          , Gg          , Hh          , Mm          , Mm          , Hh          , Hh          , Hh          , Gs^Fp       , Gg^Ve       , Gs^Fp       , Gg          , Ds          , Aa          , Ha          , Ha          , Ha          , Ha          
Gg          , Gg          , Gg          , Rr          , Rr          , Rr          , Rr          , Gs^Fp       , Wo          , Wo          , Wo          , Wo          , Wo          , Wo          , Wo          , Aa          , Rr          , Gg          , Rr          , Rr          , Rr          , Gg          , Gg          , Ds          , Wo          , Wo          , Ds          , Ds          , Ds          , Ds          , Ds          , Gg          , Aa          , Gg          , Gg          , Gg          , Hh          , Hh          , Hh          , Hh          , Hh          , Hh          , Hh          , Gs^Fp       , Gg          , Gg          , Gg          , Gg          , Gg          , Ha          , Rr          , Rr          
Gg          , Gg          , Gg          , Hh          , Hh          , Hh          , Gg          , Rr          , Wo          , Wo          , Wo          , Wo          , Ds          , Gg          , Rr          , Rr          , Aa          , Rr          , Gg          , Gg^Vh       , Gg          , Rr          , Rr          , Wo          , Wo          , Wo          , Ds          , Gs^Fp       , Gs^Fp       , Gg          , Gg          , Gg          , Gg          , Gg          , Gg          , Gg          , Gg          , Gg          , Hh          , Mm          , Mm          , Mm          , Hh          , Hh          , Hh          , Gg          , Gg          , Gg          , Rr          , Rr          , Ha          , Aa          
Gg          , Gg          , Hh          , Hh          , Mm          , Mm          , Hh          , Hh          , Wo          , Wo          , Wo          , Wo          , Wo          , Rr          , Gg          , Gg          , Aa          , Gg          , Gg          , Gg          , Gg          , Gg^Vh       , Gg          , Wo          , Wo          , Ds          , Rr          , Rr          , Rr          , Gg          , Gg          , Gg          , Gg          , Gg          , Gg          , Gg          , Gg          , Gg          , Gg          , Hh          , Mm          , Mm          , Mm          , Mm          , Hh          , Gg          , Rr          , Rr          , Gg          , Aa          , Aa          , Aa          
Gg          , Gg          , Gg          , Hh          , Mm          , Mm          , Mm          , Hh          , Gg          , Wo          , Wo          , Wo          , Wo          , Wo          , Hh          , Hh          , Ha          , Gg          , Gg          , Aa          , Gg          , Gg          , Ds          , Wo          , Wo          , Rr          , Gg          , Gg          , Gg          , Rr          , Rr          , Gg          , Gg^Vh       , Gg          , Ds          , Ds          , Gg          , Gg          , Gg          , Hh          , Hh          , Mm          , Mm          , Mm          , Hh          , Rr          , Gg          , Gg^Vh       , Gg          , Aa          , Aa          , Gg          
Gg          , Gg          , Gg^Vh       , Hh          , Mm          , Mm          , Mm          , Hh          , Hh          , Gg          , Gg          , Wo          , Wo          , Wo          , Wo          , Hh          , Hh          , Aa          , Aa          , Aa          , Gg          , Ds          , Wo          , Wo          , Wo          , Gg          , Gg          , Gg          , Hh          , Hh          , Hh          , Rr          , Rr          , Rr          , Rr          , Ds          , Gg          , Gg          , Gg          , Gg          , Hh          , Mm          , Mm          , Mm          , Hh          , Rr          , Gg          , Ds          , Wo          , Wo          , Wo          , Wo          
Ds          , Gs^Fp       , Gs^Fp       , Hh          , Mm          , Mm          , Mm          , Mm          , Gg          , Gg          , Gg          , Ds          , Gg          , Wo          , Wo          , Wo          , Wo          , Aa          , Aa^Vla      , Aa          , Ds          , Wo          , Wo          , Wo          , Wo          , Gg          , Gg          , Gg          , Hh          , Hh          , Hh          , Gg          , Gg          , Gg          , Rr          , Rr          , Rr          , Gg          , Gg          , Gg          , Hh          , Hh          , Hh          , Hh          , Hh          , Rr          , Gs^Fp       , Ds          , Wo          , Wo          , Wo          , Wo          
Ds          , Ds          , Gs^Fp       , Hh          , Mm          , Mm          , Mm          , Hh          , Gg          , Gg          , Gg          , Ds          , Gg          , Gg          , Wo          , Wo          , Wo          , Wo          , Wo          , Wo          , Wo          , Wo          , Wo          , Wo          , Gg          , Gg          , Gg          , Gg          , Hh          , Gg          , Gg          , Gg          , Gg          , Gg          , Rr          , Gg^Esz      , Gg^Vh       , Rr          , Rr          , Rr          , Rr          , Rr          , Rr          , Gs^Fp       , Rr          , Rr          , Gs^Fp       , Ds          , Wo          , Wo          , Wo          , Wo          
Wo          , Wo          , Ds          , Gs^Fp       , Gs^Fp       , Hh          , Gg          , Gg          , Gg^Vh       , Gg          , Gg          , Gg          , Ds          , Gg          , Gg          , Wo          , Wo          , Wo          , Wo          , Wo          , Wo          , Wo          , Wo          , Wo          , Wo          , Gg          , Gg          , Hh          , Hh          , Gg          , Gs^Fp       , Gs^Fp       , Gg          , Rr          , Hh          , Hh          , Gg          , Gg          , Gg          , Gg          , Gg          , Gg^Vh       , Gg          , Rr          , Gs^Fp       , Gs^Fp       , Gg^Ve       , Wo          , Wo          , Wo          , Wo          , Wo          
Wo          , Wo          , Ds          , Ds          , Gs^Fp       , Gs^Fp       , Gs^Fp       , Gg          , Gg          , Gg          , Gg          , Ds          , Gg          , Gg          , Hh          , Hh          , Hh          , Hh          , Gs^Fp       , Wo          , Gg          , Wo          , Wo          , Wo          , Wo          , Wo          , Wo          , Hh          , Hh          , Gs^Fp       , Gs^Fp       , Gg          , Gg          , Rr          , Hh          , Hh          , Gg          , Gg          , Gg          , Ds          , Ds          , Ds          , Ds          , Ds          , Ds          , Ds          , Wo          , Wo          , Wo          , Wo          , Wo          , Wo          
Wo          , Wo          , Wo          , Wo          , Wo          , Ds          , Gs^Vc       , Gg          , Gg          , Gg          , Gg          , Gg          , Gg          , Hh          , Hh          , Mm          , Mm          , Mm          , Mm          , Gg          , Gg^Vh       , Gg          , Gg          , Wo          , Gg^Vh       , Wo          , Wo          , Hh          , Gg^Vh       , Gg          , Gg          , Gg          , Gg          , Rr          , Rr          , Gg          , Gg          , Gg          , Ds          , Wo          , Wo          , Wo          , Wo          , Wo          , Wo          , Wo          , Wo          , Wo          , Wo          , Wo          , Wo          , Wo          
Wo          , Wo          , Wo          , Wo          , Wo          , Wo          , Gg          , Gg          , Gg          , Gg          , Gg          , Gg          , Gg          , Ha          , Mm          , Mm          , Mm          , Mm          , Mm          , Hh          , Gg          , Gg          , Aa          , Gg          , Gg          , Hh          , Wo          , Wo          , Wo          , Gg          , Gg          , Ds          , Ds          , Gg          , Gg          , Rr          , Rr          , Gg          , Wo          , Wo          , Wo          , Wo          , Wo          , Wo          , Wo          , Wo          , Wo          , Wo          , Wo          , Wo          , Wo          , Wo          
Wo          , Wo          , Wo          , Wo          , Gg          , Gg          , Gg          , Gg          , 3 Gg        , Gg          , Gg          , Gg          , Gg          , Ha          , Mm          , Mm          , Mm          , Mm          , Mm          , Hh          , Gg          , Aa          , Aa          , Ha          , Hh          , Hh          , Hh          , Wo          , Wo          , Wo          , Wo          , Wo          , Wo          , Wo          , Ds          , Aa          , Rr          , Gg          , Ds          , Wo          , Wo          , Wo          , Wo          , Wo          , Wo          , Wo          , Wo          , Wo          , Wo          , Wo          , Wo          , Wo          
Wo          , Wo          , Wo          , Wo          , Wo          , Gg          , Gg          , Gg          , Gg          , Gg          , Gg          , Gg          , Gg          , Ha          , Mm          , Mm          , Mm          , Mm          , Mm          , Mm          , Hh          , Aa          , Aa          , Hh          , Hh          , Hh          , Hh          , Gg          , Aa          , Wo          , Wo          , Wo          , Wo          , Wo          , Ds          , Gg          , Rr          , Gg          , Dd^Vda      , Wo          , Wo          , Wo          , Wo          , Wo          , Wo          , Wo          , Wo          , Wo          , Wo          , Wo          , Wo          , Wo          
Wo          , Wo          , Wo          , Wo          , Wo          , Wo          , Wo          , Gg          , Gg          , Gg          , Gg          , Gg          , Gg          , Ha          , Mm          , Mm          , Hh          , Hh          , Hh          , Hh          , Gg          , Gg          , Aa          , Hh          , Hh          , Hh          , Gg          , Gg          , Gg          , Wo          , Wo          , Wo          , Wo          , Ds          , Ds          , Gg          , Gg^Vh       , Rr          , Ds          , Wo          , Wo          , Wo          , Wo          , Wo          , Wo          , Wo          , Wo          , Wo          , Wo          , Wo          , Wo          , Wo          
Wo          , Wo          , Wo          , Wo          , Wo          , Wo          , Wo          , Wo          , Wo          , Gg          , Wo          , Gg          , Gg^Vh       , Ha          , Hh          , Gg          , Gg          , Gg          , Gg          , Gg          , Gg          , Gg          , Aa          , Hh          , Hh          , Gg          , Gg          , Gg          , Gg          , Wo          , Wo          , Wo          , Wo          , Wo          , Ds          , Gs^Fp       , Gs^Fp       , Rr          , Ds          , Wo          , Wo          , Wo          , Wo          , Wo          , Wo          , Wo          , Wo          , Wo          , Wo          , Wo          , Wo          , Wo          
Wo          , Wo          , Wo          , Wo          , Wo          , Wo          , Wo          , Wo          , Wo          , Wo          , Wo          , Gg          , Gg          , Gg          , Gg          , Gg          , Gg          , Gs^Fp       , Gs^Fp       , Gg          , Gg          , Gg          , Gg          , Gg          , Gg          , Gg          , Gg^Vh       , Gg          , Ds          , Wo          , Wo          , Wo          , Wo          , Wo          , Gs          , Gs          , Gs          , Rr          , Ds          , Wo          , Wo          , Wo          , Wo          , Wo          , Wo          , Wo          , Wo          , Wo          , Wo          , Wo          , Wo          , Wo          
Wo          , Wo          , Wo          , Wo          , Wo          , Wo          , Wo          , Wo          , Wo          , Ds          , Ds          , Ds          , Gg          , Gg          , Ds          , Wo          , Wo          , Ds          , Gs^Fp       , Gs^Fp       , Gg          , Gg          , Gg          , Gg          , Gg          , Hh          , Gg          , Gg          , Gg          , Wo          , Wo          , Wo          , Wo          , Wo          , Gs          , Gs          , Gs          , Rr          , Rr          , Ds          , Wo          , Wo          , Wo          , Wo          , Wo          , Wo          , Wo          , Wo          , Wo          , Wo          , Wo          , Wo          
Wo          , Wo          , Wo          , Wo          , Wo          , Wo          , Wo          , Wo          , Wo          , Ds          , Gg          , Ds          , Wo          , Wo          , Wo          , Wo          , Ds          , Ds          , Gs^Fp       , Gs^Fp       , Gg          , Gg          , Gg          , Gg          , Gg          , Gg          , Gg          , Gg          , Gg          , Ds          , Wo          , Wo          , Wo          , Ds          , Gs          , Gs          , Gs          , Gs          , Rr          , Ds          , Wo          , Wo          , Wo          , Wo          , Wo          , Wo          , Wo          , Wo          , Wo          , Wo          , Wo          , Wo          
