border_size=1
usage=map

Xu          , Xu          , Xu          , Xu          , Xu          , Wo          , Wo          , Wo          , Wo          , Wo          , Wo          , Wo          , Ds          , Ds          , Wo          , Ds          , Ds          , Aa^Fma      , Aa^Fma      , Aa^Fpa      , Aa^Fpa      , Aa          , Aa          , Aa^Fpa      , Ds          , Aa          , Ds          , Ds          , Ds          , Ds          , Wo          , Wo          , Wo          , Wo          , Wo          , Wo          , Wo          , Wo          , Wo          , Wo          , Wo          , Wo          , Wo          , Wo          , Wo          , Wo          , Wo          , Wo          , Wo          , Wo          , Wo          , Wo          
Xu          , Xu          , Xu          , Xu          , Wo          , Wo          , Wo          , Wo          , Wo          , Wo          , Wo          , Ds          , Wo          , Ds          , Ds          , Ds          , Aa^Fma      , Ds          , Aa^Fma      , Aa^Fpa      , Aa^Fpa      , Aa^Fpa      , Aa^Fpa      , Ds          , Aa          , Aa          , Aa          , Aa          , Aa^Vla      , Aa          , Wo          , Wo          , Wo          , Wo          , Wo          , Wo          , Wo          , Wo          , Wo          , Wo          , Rd          , Wo          , Rd          , Wo          , Ai          , Wo          , Wo          , Wo          , Wo          , Wo          , Wo          , Wo          
Xu          , Xu          , Wo          , Wo          , Wo          , Wo          , Wo          , Wo          , Wo          , Wo          , Wo          , Wo          , Ds          , Ds          , Aa^Fma      , Aa^Fma      , Aa^Fma      , Aa^Vea      , Aa^Fma      , Ds          , Ds          , Ds          , Aa          , Aa          , Ds          , Aa          , Aa          , Aa          , Aa          , Aa          , Ds          , Wo          , Wo          , Wo          , Wo          , Wo          , Wo          , Wo          , Wo          , Wo          , Rd          , Rd          , Rd          , Rd          , Ai          , Wo          , Wo          , Wo          , Wo          , Wo          , Wo          , Wo          
Wo          , Wo          , Wo          , Wo          , Wo          , Wo          , Wo          , Wo          , Wo          , Ds          , Ds          , Aa          , Aa          , Aa^Fma      , Aa          , Aa          , Aa          , Aa^Fma      , Ds          , Wo          , Wo          , Wo          , Ds          , Ds          , Aa          , Aa          , Aa          , Aa          , Aa          , Aa          , Aa          , Wo          , Wo          , Wo          , Wo          , Wo          , Wo          , Wo          , Wo          , Wo          , Rd          , Rrc^Vhca    , Rd          , Rd          , Ai          , Ds          , Ai          , Wo          , Wo          , Wo          , Wo          , Wo          
Wo          , Wo          , Wo          , Wo          , Wo          , Wo          , Wo          , Wo          , Ds          , Aa          , Aa          , Aa          , Aa^Fma      , Aa          , Aa          , Aa          , Aa          , Aa          , Ds          , Wo          , Wo          , Ds          , Aa          , Aa          , Aa          , Aa          , Aa          , Aa          , Aa          , Aa          , Aa          , Ai          , Ai          , Wo          , Wo          , Wo          , Ai          , Ai          , Ai          , Ai          , Ai          , Rd          , Rd          , Aa          , Aa          , Ai          , Aa          , Ai          , Wo          , Wo          , Wo          , Wo          
Wo          , Wo          , Wo          , Wo          , Wo          , Wo          , Wo          , Wo          , Ds          , Aa^Fma      , Aa^Fma      , Aa^Fma      , Aa^Fma      , Aa          , Ha          , Ha          , Aa          , Aa^Fma      , Aa^Fma      , Wo          , Ds          , Aa          , Aa          , Aa          , Aa          , Aa          , Aa          , Aa          , Aa          , Aa          , Aa          , Ai          , Ai          , Ai          , Ai          , Ai          , Ai          , Ai          , Wo          , Ai          , Wo          , Ai          , Aa          , Aa          , Ai          , Aa          , Aa          , Ai          , Wo          , Wo          , Wo          , Wo          
Wo          , Wo          , Wo          , Wo          , Wo          , Wo          , Wo          , Wo          , Ds          , Aa          , Aa^Fma      , Aa^Vla      , Aa          , Aa          , Ha          , Ha          , Aa          , Aa^Fma      , Aa          , Wo          , Ds          , Aa          , Aa          , Aa^Fma      , Aa          , Ha          , Aa          , Aa          , Aa^Vla      , Aa          , Ds          , Ai          , Ai          , Ai          , Wo          , Wo          , Wo          , Wo          , Wo          , Wo          , Rr          , Rr          , Wo          , Aa          , Aa          , Aa          , Aa          , Ai          , Ai          , Wo          , Wo          , Wo          
Wo          , Wo          , Wo          , Wo          , Wo          , Wo          , Wo          , Wo          , Ds          , Aa          , Aa^Fma      , Aa^Fma      , Aa^Fma      , Aa          , Aa          , Aa          , Aa^Fma      , Aa^Fma      , Ds          , Wo          , Ds          , Aa          , Aa^Fma      , Aa^Vea      , Aa          , Aa          , Aa^Fma      , Aa          , Aa          , Aa          , Ds          , Ai          , Ai          , Wo          , Wo          , Wo          , Ds          , Ds          , Rr          , Rr          , Ai          , Wo          , Wo          , Aa          , Aa          , Aa          , Aa          , Aa          , Ai          , Wo          , Wo          , Wo          
Wo          , Wo          , Wo          , Wo          , Wo          , Wo          , Wo          , Wo          , Ds          , Aa          , Aa^Fma      , Aa^Vea      , Aa^Fma      , Aa          , Aa^Fma      , Aa^Fma      , Aa^Fma      , Aa          , Ds          , Wo          , Ds          , Aa          , Aa          , Aa^Fma      , Aa^Fma      , Ha          , Ha          , Aa^Fma      , Aa^Fma      , Aa          , Aa          , Ai          , Ai          , Wo          , Wo          , Wo          , Ai          , Ai          , Rr          , Ds          , Wo          , Wo          , Wo          , Ds          , Ai          , Ai          , Ai          , Aa          , Aa          , Ai          , Wo          , Wo          
Wo          , Wo          , Wo          , Wo          , Wo          , Wo          , Wo          , Wo          , Ai          , Ds          , Ds          , Ds          , Ds          , Ds          , Ds          , Ds          , Aa          , Ds          , Ds          , Ai          , Ds          , Aa          , Aa          , Aa^Fma      , Aa^Fma      , Ha          , Ha          , Ha          , Aa^Fma      , Aa          , Aa          , Ds          , Ai          , Ai          , Ai          , Ai          , Rr          , Rr          , Ai          , Ai          , Wo          , Wo          , Wo          , Ds          , Ai          , Ai          , Ai          , Aa          , Ai          , Ai          , Wo          , Wo          
Wo          , Wo          , Wo          , Wo          , Wo          , Wo          , Wo          , Wo          , Ai          , Ai          , Ai          , Ai          , Ai          , Ai          , Ai          , Ai          , Ai          , Ai          , Ai          , Ai          , Ai          , Ds          , Aa          , Aa^Fma      , Aa^Fma      , Ha          , Ha          , Ha          , Aa          , Aa          , Aa          , Ds          , Rr          , Ai          , Rr          , Rr          , Ai          , Ai          , Ai          , Ds          , Wo          , Wo          , Wo          , Ds          , Ai          , Ai          , Ai          , Ai          , Ai          , Wo          , Wo          , Wo          
Wo          , Wo          , Wo          , Aa^Fma      , Aa          , Aa          , Aa^Vea      , Aa          , Ai          , Ai          , Ai          , Ai          , Ai          , Ai          , Ai          , Ai          , Ai          , Ai          , Ai          , Ai          , Ai          , Ai          , Ai          , Aa          , Aa^Vea      , Aa          , Ha          , Ha          , Ha          , Aa          , Rr          , Rr          , Ai          , Rr          , Ds          , Ai          , Wo          , Ds          , Ds          , Ds          , Wo          , Wo          , Wo          , Ds          , Wo          , Ds          , Ds          , Ai          , Wo          , Wo          , Wo          , Wo          
Wo          , Wo          , Wo          , Aa^Fma      , Aa          , Aa          , Aa          , Aa          , Ai          , Ai          , Ai          , Ai          , Ai          , Ai          , Ds          , Ds          , Aa          , Ds          , Ds          , Ai          , Ai          , Ai          , Ai          , Ds          , Aa          , Aa          , Aa          , Ha          , Rr          , Rr          , Aa          , Aa          , Wo          , Wo          , Wo          , Wo          , Wo          , Wo          , Wo          , Wo          , Wo          , Wo          , Wo          , Wo          , Ds          , Wo          , Ds          , Wo          , Wo          , Wo          , Wo          , Wo          
Wo          , Wo          , Wo          , Aa^Fma      , Ha          , Ha          , Aa^Fma      , Aa^Fma      , Ai          , Ai          , Ai          , Ai          , Ai          , Ai          , Ds          , Aa          , Rr          , Rr          , Rr          , Aa          , Aa          , Ai          , Ai          , Ds          , Aa          , Aa          , Aa          , Aa^Vla      , Aa          , Aa          , Wo          , Aa          , Wo          , Wo          , Wo          , Wo          , Wo          , Wo          , Wo          , Wo          , Wo          , Wo          , Wo          , Wo          , Wo          , Ds          , Wo          , Wo          , Wo          , Wo          , Wo          , Wo          
Wo          , Wo          , Wo          , Aa^Fma      , Aa^Fma      , Aa^Fma      , Aa^Vea      , Aa^Fma      , Ai          , Ai          , Ai          , Ai          , Ai          , Ai          , Rr          , Rr          , Aa          , Aa^Vha      , Aa          , Rr          , Rr          , Ai          , Ai          , Ai          , Ds          , Ds          , Wo          , Aa          , Wo          , Wo          , Wo          , Wo          , Wo          , Wo          , Wo          , Wo          , Wo          , Wo          , Wo          , Wo          , Wo          , Wo          , Wo          , Wo          , Wo          , Wo          , Wo          , Wo          , Ds          , Ds          , Ds          , Ds          
Wo          , Wo          , Wo          , Aa^Fma      , Aa^Fma      , Gd          , Aa^Fma      , Aa^Fma      , Ai          , Ai          , Ai          , Ai          , Rr          , Rr          , Aa          , Aa          , Aa          , Aa          , Aa          , Aa          , Aa          , Ds          , Ai          , Ai          , Wo          , Ds          , Wo          , Wo          , Wo          , Wo          , Wo          , Wo          , Wo          , Wo          , Wo          , Wo          , Wo          , Wo          , Wo          , Wo          , Wo          , Wo          , Wo          , Wo          , Wo          , Wo          , Wo          , Ds          , Wo          , Wo          , Wo          , Wo          
Wo          , Wo          , Wo          , Wo          , Wo          , Ds          , Ds          , Ds          , Ds          , Ds          , Rr          , Ai          , Ai          , Ai          , Aa          , Aa          , Aa          , Aa          , Ds          , Ds          , Ds          , Ds          , Wo          , Ai          , Wo          , Wo          , Wo          , Wo          , Wo          , Wo          , Wo          , Wo          , Wo          , Wo          , Wo          , Wo          , Wo          , Wo          , Wo          , Wo          , Wo          , Wo          , Wo          , Wo          , Wo          , Wo          , Wo          , Wo          , Wo          , Wo          , Wo          , Wo          
Ds          , Ds          , Ds          , Ds          , Wo          , Ds          , Aa          , Aa          , Rr          , Rr          , Ai          , Ai          , Ai          , Ai          , Ha          , Ha          , Ha          , Aa          , Wo          , Wo          , Wo          , Wo          , Wo          , Wo          , Wo          , Wo          , Wo          , Wo          , Wo          , Wo          , Wo          , Wo          , Wo          , Wo          , Wo          , Wo          , Wo          , Wo          , Wo          , Wo          , Wo          , Wo          , Wo          , Wo          , Wo          , Wo          , Wo          , Wo          , Wo          , Wo          , Wo          , Wo          
Aa          , Aa          , Aa          , Ds          , Wo          , Ds          , Rr          , Rr          , Aa          , Ds          , Ai          , Ai          , Ai          , Ai          , Ha          , Ha^Vhha     , Ds          , Wo          , Wo          , Wo          , Wo          , Wo          , Wo          , Wo          , Wo          , Wo          , Wo          , Wo          , Wo          , Wo          , Wo          , Wo          , Wo          , Wo          , Wo          , Wo          , Wo          , Wo          , Wo          , Wo          , Wo          , Wo          , Wo          , Wo          , Wo          , Wo          , Wo          , Wo          , Wo          , Wo          , Wo          , Wo          
Aa          , Aa^Vha      , Aa          , Ds          , Wo          , Ds          , Rr          , Aa^Fpa      , Aa^Vha      , Aa          , Ai          , Ai          , Ai          , Ai          , Ha          , Ds          , Ds          , Wo          , Wo          , Wo          , Wo          , Wo          , Wo          , Wo          , Wo          , Wo          , Wo          , Wo          , Wo          , Wo          , Wo          , Wo          , Wo          , Wo          , Wo          , Wo          , Wo          , Wo          , Wo          , Wo          , Wo          , Wo          , Wo          , Wo          , Wo          , Wo          , Wo          , Wo          , Wo          , Wo          , Wo          , Wo          
Aa          , Aa          , Aa          , Aa          , Ds          , Aa          , Rr          , Aa^Vha      , Aa^Fpa      , Aa          , Ai          , Ai          , Wo          , Wo          , Wo          , Wo          , Wo          , Wo          , Wo          , Wo          , Wo          , Wo          , Wo          , Wo          , Wo          , Wo          , Wo          , Wo          , Wo          , Aa          , Aa          , Wo          , Wo          , Wo          , Wo          , Wo          , Wo          , Wo          , Wo          , Wo          , Wo          , Wo          , Wo          , Wo          , Wo          , Wo          , Ds          , Wo          , Wo          , Wo          , Wo          , Gg          
Aa          , Aa          , Aa          , Aa          , Rr          , Rr          , Ds          , Aa^Fpa      , Ds          , Ds          , Wo          , Wo          , Wo          , Wo          , Wo          , Wo          , Wo          , Wo          , Wo          , Wo          , Wo          , Wo          , Wo          , Wo          , Wo          , Wo          , Wo          , Wo          , Wo          , Ds          , Aa          , Wo          , Wo          , Wo          , Wo          , Wo          , Wo          , Wo          , Wo          , Wo          , Wo          , Wo          , Wo          , Wo          , Wo          , 2 Wo        , Wo          , Wo          , Gg^Vh       , Wo          , Wo          , Wo          
Aa          , Aa          , Aa          , Aa          , Rr          , Aa          , Aa^Fma      , Ds          , Ds          , Wo          , Wo          , Wo          , Wo          , Wo          , Wo          , Wo          , Wo          , Wo          , Wo          , Wo          , Wo          , Wo          , Wo          , Wo          , Wo          , Wo          , Wo          , Wo          , Wo          , Ds          , Ds          , Wo          , Wo          , Wo          , Wo          , Wo          , Wo          , Wo          , Wo          , Wo          , Wo          , Wo          , Wo          , Wo          , Wo          , Wo          , Wo          , Wo          , Wo          , Wo          , Wo          , Wo          
Aa          , Rr          , 1 Rr        , Rr          , Aa          , Aa          , Aa^Fma      , Ha          , Ds          , Wo          , Wo          , Wo          , Wo          , Wo          , Wo          , Wo          , Ds          , Ds          , Ds          , Aa^Fpa      , Aa^Fpa      , Ds          , Ds          , Ds          , Wo          , Wo          , Wo          , Wo          , Wo          , Wo          , Ds          , Aa          , Aa          , Wo          , Wo          , Wo          , Wo          , Wo          , Wo          , Wo          , Wo          , Wo          , Wo          , Wo          , Wo          , Wo          , Ds          , Wo          , Wo          , Wo          , Wo          , Wo          
Aa          , Aa          , Aa          , Rr          , Rr          , Rr          , Rr          , Aa^Fma      , Ds          , Wo          , Wo          , Wo          , Wo          , Wo          , Wo          , Aa          , Rr          , Aa          , Rr          , Rr          , Rr          , Aa          , Aa          , Ds          , Wo          , Wo          , Ds          , Ds          , Ds          , Ds          , Ds          , Wo          , Aa          , Wo          , Wo          , Wo          , Wo          , Wo          , Wo          , Wo          , Wo          , Wo          , Wo          , Wo          , Wo          , Wo          , Wo          , Wo          , Wo          , Wo          , Wo          , Wo          
Aa          , Aa          , Aa          , Ha          , Ha          , Ha          , Aa          , Rr          , Rr          , Ds          , Ai          , Wo          , Ds          , Aa          , Rr          , Rr          , Aa          , Rr          , Aa          , Aa^Vca      , Aa          , Rr          , Rr          , Ai          , Ai          , Ai          , Ds          , Gd          , Gd          , Gd          , Wo          , Wo          , Wo          , Wo          , Wo          , Wo          , Wo          , Wo          , Wo          , Wo          , Wo          , Wo          , Wo          , Wo          , Wo          , Wo          , Wo          , Wo          , Wo          , Wo          , Wo          , Wo          
Aa          , Aa          , Ha          , Ha          , Ms          , Ms          , Ha          , Ha          , Wo          , Rr          , Ai          , Ai          , Ai          , Rr          , Aa          , Aa          , Aa          , Aa          , Aa          , Aa          , Aa          , Aa^Vca      , Aa          , Ai          , Ai          , Ds          , Gd          , Gd          , Wog         , Gd          , Gd          , Wo          , Wo          , Wo          , Wo          , Wo          , Wo          , Wo          , Wo          , Wo          , Wo          , Wo          , Wo          , Wo          , Wo          , Wo          , Wo          , Wo          , Wo          , Wo          , Wo          , Wo          
Aa          , Aa          , Aa          , Ha          , Ms          , Ms          , Ms          , Ha          , Wo          , Rr          , Rr          , Ai          , Ai          , Ai          , Ha          , Ha          , Ha          , Aa          , Aa          , Aa          , Aa          , Aa          , Ds          , Ai          , Wo          , Gd          , Gd          , Gd          , Gd          , Wog         , Re          , Re          , Gd^Vhr      , Wo          , Ds          , Ds          , Wo          , Wo          , Wo          , Wo          , Wo          , Wo          , Wo          , Wo          , Wo          , Wo          , Wo          , Wo          , Wo          , Wo          , Wo          , Wo          
Aa          , Aa          , Aa^Vha      , Ha          , Ms          , Ms          , Ms          , Ha          , Ha          , Wo          , Wo          , Ai          , Wo          , Wo          , Wo          , Ha          , Ha          , Aa          , Aa          , Aa          , Aa          , Ds          , Wo          , Wo          , Wo          , Wo          , Wo          , Wo          , Gd          , Gd          , Re          , Re          , Re          , Re          , Wo          , Ds          , Wo          , Wo          , Wo          , Wo          , Wo          , Wo          , Wo          , Wo          , Wo          , Wo          , Wo          , Ds          , Wo          , Wo          , Wo          , Wo          
Ds          , Aa^Fma      , Aa^Fma      , Ha          , Ms          , Ms          , Ms          , Ms          , Wo          , Wo          , Wo          , Ds          , Wo          , Wo          , Wo          , Wo          , Wo          , Aa          , Aa^Vla      , Aa          , Ds          , Wo          , Wo          , Wo          , Wo          , Wo          , Wo          , Wo          , Wo          , Gd          , Wo          , Re          , Wo          , Re          , Wo          , Wo          , Wo          , Wo          , Wo          , Wo          , Wo          , Wo          , Wo          , Wo          , Wo          , Wo          , Wo          , Ds          , Wo          , Wo          , Wo          , Wo          
Ds          , Ds          , Aa^Fma      , Ha          , Ms          , Ms          , Ms          , Ha          , Wo          , Wo          , Wo          , Ds          , Wo          , Wo          , Wo          , Wo          , Wo          , Wo          , Wo          , Wo          , Wo          , Wo          , Wo          , Wo          , Wo          , Wo          , Wo          , Wo          , Wo          , Wo          , Wo          , Wo          , Wo          , Wo          , Wo          , Wo          , Wo          , Wo          , Wo          , Wo          , Wo          , Wo          , Wo          , Wo          , Wo          , Wo          , Wo          , Ds          , Wo          , Wo          , Wo          , Wo          
Wo          , Wo          , Ds          , Aa^Fma      , Aa^Fma      , Ha          , Wo          , Wo          , Aa^Vla      , Wo          , Wo          , Wo          , Ds          , Wo          , Wo          , Wo          , Wo          , Wo          , Wo          , Wo          , Wo          , Wo          , Wo          , Wo          , Wo          , Wo          , Wo          , Wo          , Wo          , Wo          , Wo          , Wo          , Wo          , Wo          , Wo          , Wo          , Wo          , Wo          , Wo          , Wo          , Wo          , Wo          , Wo          , Wo          , Wo          , Wo          , Wo          , Wo          , Wo          , Wo          , Wo          , Wo          
Wo          , Wo          , Ds          , Ds          , Aa^Fma      , Aa^Fma      , Aa^Fma      , Wo          , Wo          , Wo          , Wo          , Ds          , Wo          , Wo          , Wo          , Wo          , Wo          , Wo          , Aa^Fma      , Wo          , Wo          , Wo          , Wo          , Wo          , Wo          , Wo          , Wo          , Wo          , Wo          , Wo          , Wo          , Wo          , Wo          , Wo          , Wo          , Wo          , Wo          , Wo          , Wo          , Ds          , Ds          , Ds          , Ds          , Ds          , Ds          , Ds          , Wo          , Wo          , Wo          , Wo          , Wo          , Wo          
Wo          , Wo          , Wo          , Wo          , Wo          , Ds          , Aa^Vca      , Ds          , Ds          , Ds          , Ds          , Wo          , Wo          , Wo          , Wo          , Wo          , Wo          , Wo          , Wo          , Wo          , Wo          , Wo          , Wo          , Wo          , Wo          , Wo          , Wo          , Wo          , Wo          , Wo          , Wo          , Wo          , Wo          , Wo          , Wo          , Wo          , Wo          , Wo          , Ds          , Wo          , Wo          , Wo          , Wo          , Wo          , Wo          , Wo          , Wo          , Wo          , Wo          , Wo          , Wo          , Wo          
Wo          , Wo          , Wo          , Wo          , Wo          , Wo          , Wo          , Wo          , Wo          , Wo          , Ds          , Wo          , Wo          , Wo          , Wo          , Wo          , Wo          , Wo          , Wo          , Wo          , Wo          , Wo          , Wo          , Wo          , Wo          , Wo          , Wo          , Wo          , Wo          , Wo          , Wo          , Wo          , Wo          , Wo          , Wo          , Wo          , Wo          , Wo          , Wo          , Wo          , Wo          , Wo          , Wo          , Wo          , Wo          , Wo          , Wo          , Wo          , Wo          , Wo          , Wo          , Wo          
Wo          , Wo          , Wo          , Wo          , Wo          , Wo          , Wo          , Wo          , Wo          , Wo          , Ds          , Wo          , Wo          , Wo          , Wo          , Wo          , Wo          , Wo          , Wo          , Wo          , Wo          , Wo          , Wo          , Wo          , Wo          , Wo          , Wo          , Wo          , Wo          , Wo          , Wo          , Wo          , Wo          , Wo          , Wo          , Wo          , Wo          , Wo          , Ds          , Wo          , Wo          , Wo          , Wo          , Wo          , Wo          , Wo          , Wo          , Wo          , Wo          , Wo          , Wo          , Wo          
Wo          , Wo          , Wo          , Wo          , Wo          , Wo          , Wo          , Wo          , Wo          , Wo          , Wo          , Wo          , Wo          , Wo          , Wo          , Wo          , Wo          , Wo          , Wo          , Wo          , Wo          , Wo          , Wo          , Wo          , Wo          , Wo          , Wo          , Wo          , Wo          , Wo          , Wo          , Wo          , Wo          , Wo          , Wo          , Wo          , Wo          , Wo          , Wo          , Wo          , Wo          , Wo          , Wo          , Wo          , Wo          , Wo          , Wo          , Wo          , Wo          , Wo          , Wo          , Wo          
Wo          , Wo          , Wo          , Wo          , Wo          , Wo          , Wo          , Wo          , Wo          , Wo          , Wo          , Wo          , Wo          , Wo          , Wo          , Wo          , Wo          , Wo          , Wo          , Wo          , 3 Wo        , Wo          , Wo          , Wo          , Wo          , Wo          , Wo          , Wo          , Wo          , Wo          , Wo          , Wo          , Wo          , Wo          , Wo          , Wo          , Wo          , Wo          , Ds          , Wo          , Wo          , Wo          , Wo          , Wo          , Wo          , Wo          , Wo          , Wo          , Wo          , Wo          , Wo          , Wo          
Wo          , Wo          , Wo          , Wo          , Wo          , Wo          , Wo          , Wo          , Wo          , Wo          , Wo          , Wo          , Wo          , Wo          , Wo          , Wo          , Wo          , Wo          , Wo          , Wo          , Wo          , Wo          , Wo          , Wo          , Wo          , Wo          , Wo          , Wo          , Wo          , Wo          , Wo          , Wo          , Wo          , Wo          , Wo          , Wo          , Wo          , Wo          , Ds          , Wo          , Wo          , Wo          , Wo          , Wo          , Wo          , Wo          , Wo          , Wo          , Wo          , Wo          , Wo          , Wo          
Wo          , Wo          , Wo          , Wo          , Wo          , Wo          , Wo          , Wo          , Wo          , Wo          , Wo          , Wo          , Wo          , Wo          , Wo          , Wo          , Wo          , Wo          , Wo          , Wo          , Wo          , Wo          , Wo          , Wo          , Wo          , Wo          , Wo          , Wo          , Ds          , Wo          , Wo          , Wo          , Wo          , Wo          , Wo          , Wo          , Wo          , Wo          , Ds          , Wo          , Wo          , Wo          , Wo          , Wo          , Wo          , Wo          , Wo          , Wo          , Wo          , Wo          , Wo          , Wo          
Wo          , Wo          , Wo          , Wo          , Wo          , Wo          , Wo          , Wo          , Wo          , Ds          , Ds          , Ds          , Wo          , Wo          , Wo          , Wo          , Wo          , Wo          , Wo          , Wo          , Wo          , Wo          , Wo          , Wo          , Wo          , Wo          , Wo          , Wo          , Wo          , Wo          , Wo          , Wo          , Wo          , Wo          , Wo          , Wo          , Wo          , Wo          , Wo          , Ds          , Wo          , Wo          , Wo          , Wo          , Wo          , Wo          , Wo          , Wo          , Wo          , Wo          , Wo          , Wo          
Wo          , Wo          , Wo          , Wo          , Wo          , Wo          , Wo          , Wo          , Wo          , Ds          , Wo          , Ds          , Wo          , Wo          , Wo          , Wo          , Wo          , Wo          , Wo          , Wo          , Wo          , Wo          , Wo          , Wo          , Wo          , Wo          , Wo          , Wo          , Wo          , Ds          , Wo          , Wo          , Wo          , Ds          , Wo          , Wo          , Wo          , Wo          , Wo          , Ds          , Wo          , Wo          , Wo          , Wo          , Wo          , Wo          , Wo          , Wo          , Wo          , Wo          , Wo          , Wo          
