border_size=1
usage=map

Gll         , Gll         , Gll         , Gll         , Gll         , Hh          , Gll^Fp      , Gll^Fp      , Gll^Fp      , Hh          , Mm          , Mm          , Mm          , Mm          , Mm          , Mm          , Mm          , Mm          , Mm          , Gs          , Gg          , Gs          , Gs          , Gs          , Gll^Fp      , Gll^Fp      , Gll^Fp      , Gll^Fp      , Gll^Fp      , Gll^Fp      , Gll^Fp      , Gll^Fp      , Gs          , Rr          , Rr          , Aa          , Gg          , Gg          , Gs^Fp       , Gs^Fp       , Hh          , Hh          
Gll^Fmf     , Gll         , Gll         , Gll         , Gll         , Gll         , Hh          , Gll^Fp      , Gll^Fp      , Gll^Fp      , Gll^Fp      , Hh          , Mm          , Mm          , Mm          , Mm          , Mm          , Mm          , Gs          , Gs          , Gs          , Gs          , Gg          , Gs          , Gs          , Gll^Fp      , Gll^Fp      , Gll^Fp      , Gll^Fp      , Gll^Fp      , Gll^Fp      , Gll^Fp      , Gs          , Gs          , Rr          , Gg          , Rr          , Gg          , Gs^Fp       , Gs^Fp       , Gs^Fp       , Hh          
Gs          , Gll^Fmf     , Gll^Fmf     , Gll         , Gll         , Gll         , Gll         , Gll^Fp      , Gll^Fp      , Gll^Fp      , Gll^Fp      , Hh          , Mm          , Mm          , Mm          , Mm          , Mm          , Mm          , Mm          , Ha          , Gg          , Gg          , Gs          , Gs          , Gs          , Gs          , Gg          , Gll^Fp      , Gll^Fp      , Gll^Fp      , Gs          , Gg          , Gs          , Gs^Fp       , Gg          , Rr          , Gg          , Rr          , Gs^Fp       , Gg^Ve       , Gs^Fp       , Hh          
Gs          , Gs          , Gs          , Gll^Fmf     , Gll^Fmf     , Gll^Fmf     , Gll         , Hh          , Gll^Fp      , Gll^Fp      , Hh          , Gll^Fp      , Hh          , Mm          , Mm          , Mm          , Mm          , Mm          , Mm          , Ha          , Ha          , Gs          , Rr          , Hh^Vhh      , Rr          , Gg          , Gs          , Gg          , Gs          , Gs          , Gg          , Gs          , Gg          , Gs          , Gg          , Gg          , Chr         , Rr          , Gg          , Gs^Fp       , Gs^Fp       , Hh          
Gll^Fmf     , Gs          , Gll^Fmf     , Chr         , 9 Khr       , Gll^Fmf     , Gll^Fmf     , Gll         , Gll^Fp      , Gll^Fp      , Gll^Fp      , Gll^Fp      , Hh          , Mm          , Mm          , Mm          , Mm          , Mm          , Mm          , Hh          , Rr          , Rr          , Hh          , Rr          , Hh          , Rr          , Rr          , Gs          , Gs          , Gs          , Gs          , Gs          , Rr          , Gg          , Gg          , Chr         , 4 Khr       , Rr          , Rr          , Gg          , Gg          , Gs^Fp       
Gs          , Gll^Fmf     , Gll^Fmf     , Gs          , Gd          , Gd          , Gd          , Gll         , Gll^Fp      , Gll^Fp      , Gll^Fp      , Gll^Fp      , Hh          , Mm          , Mm          , Mm          , Mm          , Mm          , Rr          , Rr          , Hh          , Hh          , Hh          , Hh          , Hh          , Hh          , Hh          , Rr          , Rr          , Rr          , Rr          , Rr          , Gll^Fp      , Rr          , Rr          , Chr         , Chr         , Chr         , Chr         , Rr          , Gg          , Hh          
Gll^Fmf     , Gll^Fmf     , Gs          , Gd          , Gd          , Gd          , Gll         , Gll         , Gll^Fp      , Gll^Fp      , Gll^Fp      , Hh          , Mm          , Hh          , Mm          , Hh          , Rr          , Rr          , Hh          , Hh^Fp       , Hh          , Hh          , Hh          , Hh          , Hh          , Hh          , Rr          , Rr          , Hh          , Hh          , Hh          , Gll^Fp      , Gll^Fp      , Gll^Fp      , Gg^Vh       , Rr          , Rr          , Rr          , Rr          , Rr          , Rr          , Hh          
Gll^Fp      , Gg          , Gll^Fp      , Gg          , Gll^Fp      , Gll         , Gll^Fp      , Gll^Fp      , Hh          , Gll^Fp      , Hh          , Hh          , Rr          , Rr          , Rr          , Rr          , Mm          , Hh          , Mm          , Hh^Fp       , Hh^Fp       , Hh          , Hh          , Hh          , Rr          , Rr          , Hh          , Hh          , Hh          , Hh          , Gs^Fds      , Gll^Fp      , Gll^Fp      , Gll^Fp      , Gs^Fds      , Gg          , Gg          , Gg          , Gg          , Rr          , Rr          , Rr          
Aa          , Gll^Fp      , Aa          , Gll^Fp      , Gg          , Gg          , Hh          , Hh          , Hh          , Hh^Vhh      , Rr          , Rr          , Mm          , Mm          , Mm          , Mm          , Mm          , Mm          , Mm          , Mm          , Hh^Fp       , Hh^Fp       , Hh          , Hh^Vhh      , Rr          , Hh          , Gs^Fds      , Gs^Fds      , Gs^Fds      , Gs^Fds      , Gs^Fds      , Gll^Fp      , Gll^Fp      , Gll^Fp      , Gs^Fds      , Gg          , Gg          , Gg          , Gg          , Gs^Fp       , Hh          , Rr          
Aa          , Aa          , Aa          , Gg          , Gg          , Gg          , Hh          , Hh          , Hh          , Rr          , Hh          , Mm          , Mm          , Mm          , Mm          , Mm          , Mm          , Mm          , Mm          , Mm          , Hh^Fp       , Hh^Fp       , Hh^Fp       , Hh          , Rr          , Hh          , Gs^Fds      , Gs^Fds      , Gs^Fds      , Gs^Fds      , Gs^Fds      , Gs^Fds      , Gs^Fds      , Gll^Fp      , Gs^Fds      , Gg          , Gg          , Gg          , Gs^Fp       , Gg^Ve       , Hh          , Hh          
Aa          , Aa          , Aa          , Gg          , Gg          , Gs^Fp       , Hh          , Hh          , Rr          , Rr          , Hh          , Hh          , Mm          , Mm          , Mm^Vhh      , Mm          , Mm          , Mm          , Mm          , Mm          , Hh^Fp       , Hh^Fp       , Hh^Fp       , Hh^Fp       , Rr          , Hhd         , Hh          , Hh          , Hh          , Hh          , Hh          , Hh          , Hh          , Gs^Fds      , Gs^Fds      , Gg          , Gg          , Gg          , Gs^Fp       , Gs^Fp       , Hh          , Hh          
Aa          , Gg          , Rr          , Gg^Vh       , Rr          , Gs^Fp       , Rr          , Rr          , Hh          , Hh          , Hh          , Hh          , Mm          , Mm          , Mm          , Mm          , Mm          , Mm          , Mm          , Hh^Fp       , Hh^Fp       , Hh^Fp       , Hh          , Hh          , Rr          , Hh          , Hh^Fds      , Hh^Fds      , Hh          , Hh          , Hh          , Hh          , Ce          , Hh          , Hh          , Gg          , Gg          , Gg          , Gg          , Gg          , Hh          , Rr          
Gg          , Rr          , Hh^Fp       , Rr          , Gg          , Rr          , Hh          , Hh          , Hh          , Hh          , Hh          , Cha         , Cha         , Mm          , 5 Kha       , Mm          , Mm          , Mm          , Mm          , Hh^Fp       , Hh^Fp       , Hhd         , Cd          , Gg^Fet      , Rrc         , Gg^Fet      , Hh          , Hh^Fds      , Hh^Fds      , Hh^Fds      , Hh^Fds      , Ce          , Ce          , Ce          , Hh          , Hh          , Gg          , Gg          , Gg          , Hh          , Hh          , Rr          
Gs^Fp       , Hh^Fp       , Hh^Fp       , Hh^Fp       , Gg          , Hh          , Hh          , Hh          , Hh          , Hh          , Hh          , Cha         , Cha         , Cha         , Cha         , Mm          , Hh^Fds      , Mm          , Hh^Fp       , Hh^Fp       , Cd          , Cd          , Gg^Efm      , Rrc         , Rrc         , Cd          , Cd          , Hh          , Hh          , Hh^Fds      , Hh^Fds      , Hh^Fds      , Ce          , Ce          , Ce          , Hh          , Hh          , Hh          , Hh          , Hh          , Hh          , Rr          
Gs^Fp       , Hh^Fp       , Hh^Fp       , Hh^Fp       , Hh^Fp       , Hh          , Hh^Vhh      , Hh          , Hh          , Hh          , Hh          , Hh^Fds      , Hh^Fds      , Cha         , Hh^Fds      , Hh^Fds      , Hh^Fds      , Hh^Fds      , Cd          , Cd          , Hh^Vhh      , Hh^Vhh      , Hh^Vhh      , Gg^Efm      , Kh          , Rrc         , Rrc         , Cd          , Cd          , Hh          , Hh          , Hh^Fds      , Mm          , 3 Kud       , Hh          , Hh          , Hh          , Hh          , Hh          , Hh          , Hh          , Rr          
Gs^Fp       , Hh^Fp       , Hh^Fp       , Hh^Fp       , Hh^Fp       , Hh^Fp       , Hh          , Hh          , Hh^Fp       , Hh          , Mm          , Hh^Fds      , Hh^Fds      , Hh^Fds      , Hh^Fds      , Hh^Fds      , Hh^Fds      , Cd          , Gg^Gvs      , Rr^Vhc      , Rr^Vhc      , Rr^Vhc      , Rrc         , Rrc         , Ch          , Ch          , Ch          , Rrc         , Cd          , Mm          , Hh^Fms      , Mm          , Mm          , Mm          , Hh          , Hh^Vhh      , Hh          , Hh          , Hh          , Hh          , Hh          , Rr          
Hh          , Hh^Fp       , Hh          , Hh          , Hh^Fp       , Hh^Fp       , Hh          , Hh^Fp       , Hh          , Hh          , Mm          , Mm          , Mm          , Hh^Fds      , Hh^Fds      , Hh^Fds      , Hh^Fds      , Cd          , Rr^Vhc      , Rr^Vhc      , Rr^Vhc      , Rrc         , Ch          , Ch          , Ch          , Rrc         , Rrc         , Rrc         , Cd          , Mm          , Hh^Fms      , Hh^Fms      , Mm          , Mm          , Mm          , Hh          , Hh          , Hh          , Hh          , Hh          , Hh          , Rr          
Hh          , Hh          , Hh          , Hh^Fp       , Hh          , Hh          , Hh          , Hh          , Hh          , Mm          , Mm          , Mm          , Mm          , Mm          , Mm          , Hh^Fds      , Hh^Fp       , Cd          , Gg^Gvs      , Rr^Vhc      , Gg^Efm      , Rrc         , Ch          , 1 Kh        , Ch          , Rrc         , Cd          , Cd          , Mm          , Mm          , Mm          , Hh^Fms      , Hh^Fms      , Mm          , Mm          , Mm          , Hh          , Hh          , Hh          , Hh          , Rr          , Rr          
Hh          , Hh          , Hh          , Hh          , Chr         , Hh          , Hh          , Mm          , Mm          , Mm          , Mm          , Mm          , Mm          , Mm          , Mm          , Hh^Fp       , Hh^Fp       , Cd          , Cd          , Gg^Ve       , Rr^Vhc      , Rrc         , Kh          , Ch          , Rrc         , Rrc         , Cd          , Mm          , Mm          , Mm          , Hh^Fms      , Hh^Fms      , Mm          , Mm          , Mm          , Mm          , Hh          , Hh          , Hh          , Rr          , Hh^Vhh      , Hh          
Hh          , Ha          , Hh          , Hh          , Hh          , 8 Khr       , Hh          , Hh          , Hh          , Mm          , Mm          , Mm          , Mm          , Mm          , Mm          , Mm          , Mm          , Hh^Fp       , Hh^Fp       , Cd          , Cd          , Rrc         , Rrc         , Rrc         , Cd          , Cd          , Mm          , Mm          , Mm          , Mm          , Mm          , Hh^Fms      , Hh^Fms      , Mm          , Mm          , Mm          , Mm          , Hh          , Rr          , Rr          , Hh          , Hh          
Hh          , Mm          , Mm          , Mm          , Mm          , Mm          , Mm          , Hh          , Hh          , Hh          , Hh          , Mm          , Hh^Fp       , Hh^Fp       , Mm^Vhh      , Mm          , Mm          , Mm          , Mm          , Hh^Fp       , Hh^Fp       , Cd          , Rrc         , Rrc         , Gg^Fet      , Mm          , Mm          , Mm          , Mm          , Mm          , Mm          , Mm          , Hh^Fms      , Hh^Fms      , Hh^Fms      , Mm          , Hh^Fms      , Hh          , Rr          , Hh          , Ha          , Hh          
Mm          , Mm          , Mm          , Mm          , Mm          , Mm          , Mm          , Mm          , Mm          , Mm          , Mm          , Hh          , Hh^Fp       , Hh^Fp       , Mm          , Mm          , Mm          , Mm          , Mm          , Mm          , Mm          , Gg^Fet      , Hhd         , Rr          , Mm          , Mm          , Mm          , Mm          , Mm          , Mm          , Mm          , Mm          , Mm          , Hh^Fms      , Hh^Fms      , Hh^Fms      , Hh^Fms      , Hh^Fms      , Rr          , Hh          , Ha          , Ha          
Mm          , Mm          , Mm          , Mm          , Mm          , Mm          , Mm          , Mm          , Mm^Vhh      , Mm          , Hh^Fp       , Hh^Fp       , Hh^Fp       , Hh^Fp       , Mm          , Mm          , Mm          , Mm          , Mm          , Mm          , Mm          , Mm          , Hhd         , Rr          , Mm          , Mm          , Mm          , Mm          , Mm          , Mm          , Mm          , Mm          , Mm          , Mm          , Hh^Fms      , Hh^Fms      , Hh^Fms      , Hh^Fms      , Rr          , Ha          , Chr         , Ha          
Mm          , Mm          , Mm          , Mm          , Mm          , Mm          , Mm          , Mm          , Mm          , Mm          , Mm          , Hh^Fp       , Mm          , Mm          , Mm          , Mm          , Mm          , Mm          , Mm          , Mm          , Mm          , Mm          , Hhd         , Rr          , Mm          , Mm          , Mm          , Mm          , Mm          , Hh^Fms      , Hh^Fms      , Mm          , Mm          , Mm          , Mm          , Hh^Fms      , Mm          , Rr          , Mm          , 6 Chr       , Chr         , Ha          
Mm          , Mm          , Mm          , Mm          , Mm          , Mm          , Mm          , Mm          , Mm          , Mm          , Mm          , Mm          , Mm          , Mm          , Mm          , Mm          , Mm          , Mm          , Mm          , Mm          , Mm          , Mm          , Hhd         , Rr          , Mm          , Mm          , Mm          , Mm          , Hh^Fms      , Hh^Fms      , Hh^Fms      , Hh^Fms      , Mm          , Mm          , Mm          , Mm          , Mm          , Rr          , Mm          , Mm          , Mm          , Hh          
Mm          , Mm          , Mm          , Mm          , Mm          , Mm          , Mm          , Mm          , Mm          , Mm          , Mm          , Mm          , Mm          , Mm          , Mm          , Mm          , Ww          , Ww          , Hh^Fds      , Mm          , Mm          , Mm          , Mm          , Rr          , Rr          , Mm          , Mm          , Mm          , Mm          , Hh^Fms      , Hh^Fms      , Hh^Fms      , Hh^Fms      , Mm          , Mm          , Mm          , Mm          , Rr          , Mm          , Mm          , Mm          , Hh          
Mm          , Mm          , Mm          , Mm          , Mm          , Hh^Fp       , Hh^Fp       , Hh^Fp       , Hh^Fp       , Mm          , Mm          , Mm          , Mm          , Mm          , Mm          , Hh^Fp       , Ww          , Ww          , Hh^Fds      , Mm          , Hh^Fds      , Mm          , Hh^Fds      , Mm          , Mm^Vhh      , Rr          , Rr          , Mm          , Mm          , Mm          , Mm          , Mm          , Mm          , Hh^Fms      , Hh^Fms      , Mm          , Rr          , Rr          , Mm          , Mm          , Mm          , Hh          
Mm          , Mm          , Mm          , Mm          , Mm          , Mm          , Mm          , Hh^Fp       , Hh^Fp       , Mm          , Mm          , Mm          , Mm          , Mm          , Mm          , Hh^Fp       , Ww          , Ww          , Hh^Fds      , Hh^Fds      , Hh^Fds      , Hh^Fds      , Hh^Fds      , Hh^Fds      , Hhd         , Hhd         , Hhd         , Rr          , Rr          , Mm          , Mm          , Mm          , Mm          , Mm          , Mm          , Mm^Vhh      , Rr          , Mm          , Mm          , Mm          , Mm          , Mm          
Mm          , Mm          , Mm          , Mm          , Mm          , Mm          , Mm          , Mm          , Hh^Fp       , Hh^Fp       , Mm          , Mm          , Ww          , Mm          , Mm          , Hh^Fp       , Ww          , Ww          , Hh^Fds      , Hh^Fds      , Mm          , Hh^Fds      , Hh^Fds      , Hh^Fds      , Mm          , Ce          , Ce          , Ce          , Ce          , Rr          , Rr          , Mm          , Mm          , Mm          , Rr          , Rr          , Mm          , Mm          , Mm          , Mm          , Mm          , Mm          
Mm          , Mm          , Mm          , Mm          , Mm          , Mm          , Mm          , Mm          , Hh^Fp       , Hh^Fp       , Hh^Fp       , Hh^Fp       , Ww          , Ww          , Mm          , Ww          , Ww          , Ww          , Hh^Fds      , Mm          , Mm          , Mm          , Mm          , Mm          , Mm          , Mm          , Mm          , 2 Ke        , Ce          , Ce          , Hhd         , Rr          , Rr          , Rr          , Chr         , Mm          , Mm          , Mm          , Mm          , Mm          , Ww          , Ww          
Mm          , Mm          , Mm          , Mm          , Mm          , Mm          , Mm          , Mm          , Mm          , Hh^Fp       , Mm^Vhh      , Ww          , Ww          , Ww          , Ww          , Ww          , Mm^Vhh      , Ww          , Hh^Fds      , Mm          , Mm          , Mm          , Mm          , Mm          , Mm          , Mm          , Mm          , Mm          , Mm          , Ce          , Ce          , Rr          , Chr         , 7 Chr       , Chr         , Mm          , Mm          , Mm          , Mm          , Mm          , Ww          , Ww          
Mm          , Mm          , Mm          , Mm          , Mm          , Mm          , Mm          , Mm          , Mm          , Ww          , Ww          , Ww          , Ww          , Ww          , Ww          , Ww          , Mm          , Ww          , Ww          , Hh^Fds      , Hh^Fds      , Mm          , Mm          , Mm          , Mm          , Mm          , Mm          , Mm          , Mm          , Mm          , Rr          , Rr          , Mm          , Chr         , Mm          , Mm          , Mm          , Mm          , Mm          , Ww          , Ww          , Ww          
